Component: Arm Compiler for Embedded 6.21 Tool: armlink [5ec1fa00]

==============================================================================

Section Cross References

    main.o(.text.main) refers to ti_msp_dl_config.o(.text.SYSCFG_DL_init) for SYSCFG_DL_init
    main.o(.text.main) refers to eeprom_emulation_type_a.o(.text.EEPROM_TypeA_init) for EEPROM_TypeA_init
    main.o(.text.main) refers to keyboard.o(.text.Keyboard_init) for Keyboard_init
    main.o(.text.main) refers to oled_spi_v0.2.o(.text.OLED_Init) for OLED_Init
    main.o(.text.main) refers to musicplayer.o(.text.MusicPlayer_init) for MusicPlayer_init
    main.o(.text.main) refers to uart.o(.text.UART_init) for UART_init
    main.o(.text.main) refers to oled_spi_v0.2.o(.text.OLED_DrawBMP) for OLED_DrawBMP
    main.o(.text.main) refers to dl_common.o(.text.DL_Common_delayCycles) for DL_Common_delayCycles
    main.o(.text.main) refers to oled_spi_v0.2.o(.text.OLED_Clear) for OLED_Clear
    main.o(.text.main) refers to commandline.o(.text.CommandLineON) for CommandLineON
    main.o(.text.main) refers to musicplayer.o(.text.BeepUp) for BeepUp
    main.o(.text.main) refers to keyboard.o(.text.KeySCInput) for KeySCInput
    main.o(.text.main) refers to oled_spi_v0.2.o(.text.OLED_ShowNum) for OLED_ShowNum
    main.o(.text.main) refers to oled_spi_v0.2.o(.text.OLED_ShowString) for OLED_ShowString
    main.o(.text.main) refers to printf1.o(i.__0printf$1) for __2printf
    main.o(.text.main) refers to putchar.o(i.putchar) for putchar
    main.o(.text.main) refers to musicplayer.o(.text.playMusic) for playMusic
    main.o(.text.main) refers to main.o(.bss.EEPROMEmulationBuffer) for EEPROMEmulationBuffer
    main.o(.text.main) refers to main.o(.bss.EEPROMEmulationState) for EEPROMEmulationState
    main.o(.text.main) refers to main.o(.rodata.Genshin) for Genshin
    main.o(.text.main) refers to main.o(.bss.key_value) for key_value
    main.o(.text.main) refers to main.o(.bss.InCTL) for InCTL
    main.o(.text.main) refers to main.o(.rodata.str1.1) for [Anonymous Symbol]
    main.o(.text.main) refers to main.o(.bss.TxMsg) for TxMsg
    main.o(.text.main) refers to main.o(.rodata..Lswitch.table.other_value_input) for [Anonymous Symbol]
    main.o(.text.main) refers to main.o(.bss.Cmd) for Cmd
    main.o(.text.main) refers to main.o(.rodata.Sakura) for Sakura
    main.o(.text.main) refers to main.o(.rodata.MEGALOVANIA) for MEGALOVANIA
    main.o(.text.main) refers to main.o(.rodata.KAMI) for KAMI
    main.o(.text.main) refers to main.o(.rodata.SkyWeakness) for SkyWeakness
    main.o(.text.main) refers to main.o(.rodata.NightOfNights) for NightOfNights
    main.o(.text.main) refers to main.o(.rodata.FunkyStar) for FunkyStar
    main.o(.ARM.exidx.text.main) refers to main.o(.text.main) for [Anonymous Symbol]
    main.o(.text.other_value_input) refers to main.o(.rodata..Lswitch.table.other_value_input) for [Anonymous Symbol]
    main.o(.text.other_value_input) refers to main.o(.bss.InCTL) for InCTL
    main.o(.text.other_value_input) refers to main.o(.bss.TxMsg) for TxMsg
    main.o(.ARM.exidx.text.other_value_input) refers to main.o(.text.other_value_input) for [Anonymous Symbol]
    main.o(.text.Initialization) refers to ti_msp_dl_config.o(.text.SYSCFG_DL_init) for SYSCFG_DL_init
    main.o(.text.Initialization) refers to eeprom_emulation_type_a.o(.text.EEPROM_TypeA_init) for EEPROM_TypeA_init
    main.o(.text.Initialization) refers to keyboard.o(.text.Keyboard_init) for Keyboard_init
    main.o(.text.Initialization) refers to oled_spi_v0.2.o(.text.OLED_Init) for OLED_Init
    main.o(.text.Initialization) refers to musicplayer.o(.text.MusicPlayer_init) for MusicPlayer_init
    main.o(.text.Initialization) refers to uart.o(.text.UART_init) for UART_init
    main.o(.text.Initialization) refers to oled_spi_v0.2.o(.text.OLED_DrawBMP) for OLED_DrawBMP
    main.o(.text.Initialization) refers to dl_common.o(.text.DL_Common_delayCycles) for DL_Common_delayCycles
    main.o(.text.Initialization) refers to oled_spi_v0.2.o(.text.OLED_Clear) for OLED_Clear
    main.o(.text.Initialization) refers to commandline.o(.text.CommandLineON) for CommandLineON
    main.o(.text.Initialization) refers to musicplayer.o(.text.BeepUp) for BeepUp
    main.o(.text.Initialization) refers to main.o(.bss.EEPROMEmulationBuffer) for EEPROMEmulationBuffer
    main.o(.text.Initialization) refers to main.o(.bss.EEPROMEmulationState) for EEPROMEmulationState
    main.o(.text.Initialization) refers to main.o(.rodata.Genshin) for Genshin
    main.o(.ARM.exidx.text.Initialization) refers to main.o(.text.Initialization) for [Anonymous Symbol]
    main.o(.text.BeepWarning) refers to musicplayer.o(.text.BeepUp) for BeepUp
    main.o(.ARM.exidx.text.BeepWarning) refers to main.o(.text.BeepWarning) for [Anonymous Symbol]
    main.o(.text.UART0_IRQHandler) refers to dl_uart.o(.text.DL_UART_receiveDataBlocking) for DL_UART_receiveDataBlocking
[...]
    Removing dl_timer.o(.ARM.exidx.text.DL_Timer_initPWMMode), (8 bytes).
    Removing dl_timer.o(.text.DL_Timer_setCaptureCompareAction), (36 bytes).
    Removing dl_timer.o(.ARM.exidx.text.DL_Timer_setCaptureCompareAction), (8 bytes).
    Removing dl_timer.o(.ARM.exidx.text.DL_Timer_setCaptureCompareOutCtl), (8 bytes).
    Removing dl_timer.o(.text.DL_Timer_getCaptureCompareValue), (16 bytes).
    Removing dl_timer.o(.ARM.exidx.text.DL_Timer_getCaptureCompareValue), (8 bytes).
    Removing dl_timer.o(.text.DL_Timer_getCaptureCompareCtl), (24 bytes).
    Removing dl_timer.o(.ARM.exidx.text.DL_Timer_getCaptureCompareCtl), (8 bytes).
    Removing dl_timer.o(.text.DL_Timer_enableSuppressionOfCompEvent), (24 bytes).
    Removing dl_timer.o(.ARM.exidx.text.DL_Timer_enableSuppressionOfCompEvent), (8 bytes).
    Removing dl_timer.o(.text.DL_Timer_disableSuppressionOfCompEvent), (24 bytes).
    Removing dl_timer.o(.ARM.exidx.text.DL_Timer_disableSuppressionOfCompEvent), (8 bytes).
    Removing dl_timer.o(.ARM.exidx.text.DL_Timer_setCaptCompUpdateMethod), (8 bytes).
    Removing dl_timer.o(.text.DL_Timer_getCaptCompUpdateMethod), (20 bytes).
    Removing dl_timer.o(.ARM.exidx.text.DL_Timer_getCaptCompUpdateMethod), (8 bytes).
    Removing dl_timer.o(.text.DL_Timer_getCaptureCompareOutCtl), (16 bytes).
    Removing dl_timer.o(.ARM.exidx.text.DL_Timer_getCaptureCompareOutCtl), (8 bytes).
    Removing dl_timer.o(.text.DL_Timer_getCaptureCompareAction), (24 bytes).
    Removing dl_timer.o(.ARM.exidx.text.DL_Timer_getCaptureCompareAction), (8 bytes).
    Removing dl_timer.o(.text.DL_Timer_overrideCCPOut), (32 bytes).
    Removing dl_timer.o(.ARM.exidx.text.DL_Timer_overrideCCPOut), (8 bytes).
    Removing dl_timer.o(.text.DL_Timer_getCaptureCompareInput), (16 bytes).
    Removing dl_timer.o(.ARM.exidx.text.DL_Timer_getCaptureCompareInput), (8 bytes).
    Removing dl_timer.o(.text.DL_Timer_setCaptureCompareInputFilter), (28 bytes).
    Removing dl_timer.o(.ARM.exidx.text.DL_Timer_setCaptureCompareInputFilter), (8 bytes).
    Removing dl_timer.o(.text.DL_Timer_getCaptureCompareInputFilter), (18 bytes).
    Removing dl_timer.o(.ARM.exidx.text.DL_Timer_getCaptureCompareInputFilter), (8 bytes).
    Removing dl_timer.o(.text.DL_Timer_enableCaptureCompareInputFilter), (20 bytes).
    Removing dl_timer.o(.ARM.exidx.text.DL_Timer_enableCaptureCompareInputFilter), (8 bytes).
    Removing dl_timer.o(.text.DL_Timer_disableCaptureCompareInputFilter), (20 bytes).
    Removing dl_timer.o(.ARM.exidx.text.DL_Timer_disableCaptureCompareInputFilter), (8 bytes).
    Removing dl_timer.o(.text.DL_Timer_isCaptureCompareInputFilterEnabled), (20 bytes).
    Removing dl_timer.o(.ARM.exidx.text.DL_Timer_isCaptureCompareInputFilterEnabled), (8 bytes).
    Removing dl_timer.o(.text.DL_Timer_saveConfiguration), (192 bytes).
    Removing dl_timer.o(.ARM.exidx.text.DL_Timer_saveConfiguration), (8 bytes).
    Removing dl_timer.o(.text.DL_Timer_restoreConfiguration), (196 bytes).
    Removing dl_timer.o(.ARM.exidx.text.DL_Timer_restoreConfiguration), (8 bytes).
    Removing dl_timer.o(.ARM.exidx.text.DL_TimerA_initPWMMode), (8 bytes).
    Removing dl_timer.o(.text.DL_Timer_setFaultSourceConfig), (44 bytes).
    Removing dl_timer.o(.ARM.exidx.text.DL_Timer_setFaultSourceConfig), (8 bytes).
    Removing dl_timer.o(.text.DL_Timer_getFaultSourceConfig), (32 bytes).
    Removing dl_timer.o(.ARM.exidx.text.DL_Timer_getFaultSourceConfig), (8 bytes).
    Removing dl_timer.o(.text.DL_TimerA_saveConfiguration), (264 bytes).
    Removing dl_timer.o(.ARM.exidx.text.DL_TimerA_saveConfiguration), (8 bytes).
    Removing dl_timer.o(.text.DL_TimerA_restoreConfiguration), (276 bytes).
    Removing dl_timer.o(.ARM.exidx.text.DL_TimerA_restoreConfiguration), (8 bytes).
    Removing dl_timer.o(.text.DL_Timer_configQEIHallInputMode), (32 bytes).
    Removing dl_timer.o(.ARM.exidx.text.DL_Timer_configQEIHallInputMode), (8 bytes).
    Removing dl_timer.o(.rodata..Lswitch.table.DL_Timer_initCompareMode), (12 bytes).
    Removing dl_trng.o(.text), (0 bytes).
    Removing dl_trng.o(.text.DL_TRNG_saveConfiguration), (44 bytes).
    Removing dl_trng.o(.ARM.exidx.text.DL_TRNG_saveConfiguration), (8 bytes).
    Removing dl_trng.o(.text.DL_TRNG_restoreConfiguration), (72 bytes).
    Removing dl_trng.o(.ARM.exidx.text.DL_TRNG_restoreConfiguration), (8 bytes).
    Removing dl_uart.o(.text), (0 bytes).
    Removing dl_uart.o(.ARM.exidx.text.DL_UART_init), (8 bytes).
    Removing dl_uart.o(.ARM.exidx.text.DL_UART_setClockConfig), (8 bytes).
    Removing dl_uart.o(.text.DL_UART_getClockConfig), (16 bytes).
    Removing dl_uart.o(.ARM.exidx.text.DL_UART_getClockConfig), (8 bytes).
    Removing dl_uart.o(.text.DL_UART_configBaudRate), (132 bytes).
    Removing dl_uart.o(.ARM.exidx.text.DL_UART_configBaudRate), (8 bytes).
    Removing dl_uart.o(.text.DL_UART_configIrDAMode), (68 bytes).
    Removing dl_uart.o(.ARM.exidx.text.DL_UART_configIrDAMode), (8 bytes).
    Removing dl_uart.o(.text.DL_UART_setIrDAPulseLength), (48 bytes).
    Removing dl_uart.o(.ARM.exidx.text.DL_UART_setIrDAPulseLength), (8 bytes).
    Removing dl_uart.o(.ARM.exidx.text.DL_UART_receiveDataBlocking), (8 bytes).
    Removing dl_uart.o(.ARM.exidx.text.DL_UART_transmitDataBlocking), (8 bytes).
    Removing dl_uart.o(.text.DL_UART_receiveDataCheck), (28 bytes).
    Removing dl_uart.o(.ARM.exidx.text.DL_UART_receiveDataCheck), (8 bytes).
    Removing dl_uart.o(.text.DL_UART_transmitDataCheck), (28 bytes).
    Removing dl_uart.o(.ARM.exidx.text.DL_UART_transmitDataCheck), (8 bytes).
    Removing dl_uart.o(.text.DL_UART_drainRXFIFO), (116 bytes).
    Removing dl_uart.o(.ARM.exidx.text.DL_UART_drainRXFIFO), (8 bytes).
    Removing dl_uart.o(.text.DL_UART_fillTXFIFO), (116 bytes).
    Removing dl_uart.o(.ARM.exidx.text.DL_UART_fillTXFIFO), (8 bytes).
    Removing dl_uart.o(.text.DL_UART_Main_saveConfiguration), (88 bytes).
    Removing dl_uart.o(.ARM.exidx.text.DL_UART_Main_saveConfiguration), (8 bytes).
    Removing dl_uart.o(.text.DL_UART_Main_restoreConfiguration), (120 bytes).
    Removing dl_uart.o(.ARM.exidx.text.DL_UART_Main_restoreConfiguration), (8 bytes).
    Removing dl_uart.o(.text.DL_UART_Extend_saveConfiguration), (104 bytes).
    Removing dl_uart.o(.ARM.exidx.text.DL_UART_Extend_saveConfiguration), (8 bytes).
    Removing dl_uart.o(.text.DL_UART_Extend_restoreConfiguration), (132 bytes).
    Removing dl_uart.o(.ARM.exidx.text.DL_UART_Extend_restoreConfiguration), (8 bytes).
    Removing dl_vref.o(.text), (0 bytes).
    Removing dl_vref.o(.text.DL_VREF_configReference), (32 bytes).
    Removing dl_vref.o(.ARM.exidx.text.DL_VREF_configReference), (8 bytes).
    Removing dl_vref.o(.text.DL_VREF_setClockConfig), (18 bytes).
    Removing dl_vref.o(.ARM.exidx.text.DL_VREF_setClockConfig), (8 bytes).
    Removing dl_vref.o(.text.DL_VREF_getClockConfig), (16 bytes).
    Removing dl_vref.o(.ARM.exidx.text.DL_VREF_getClockConfig), (8 bytes).
    Removing dl_interrupt.o(.text), (0 bytes).
    Removing dl_interrupt.o(.text.DL_Interrupt_registerInterrupt), (144 bytes).
    Removing dl_interrupt.o(.ARM.exidx.text.DL_Interrupt_registerInterrupt), (8 bytes).
    Removing dl_interrupt.o(.text.DL_Interrupt_unregisterInterrupt), (20 bytes).
    Removing dl_interrupt.o(.ARM.exidx.text.DL_Interrupt_unregisterInterrupt), (8 bytes).
    Removing dl_interrupt.o(.vtable), (192 bytes).
    Removing dl_sysctl_mspm0g1x0x_g3x0x.o(.text), (0 bytes).
    Removing dl_sysctl_mspm0g1x0x_g3x0x.o(.ARM.exidx.text.DL_SYSCTL_configSYSPLL), (8 bytes).
    Removing dl_sysctl_mspm0g1x0x_g3x0x.o(.text.DL_SYSCTL_setLFCLKSourceLFXT), (100 bytes).
    Removing dl_sysctl_mspm0g1x0x_g3x0x.o(.ARM.exidx.text.DL_SYSCTL_setLFCLKSourceLFXT), (8 bytes).
    Removing dl_sysctl_mspm0g1x0x_g3x0x.o(.text.DL_SYSCTL_switchMCLKfromSYSOSCtoLFCLK), (80 bytes).
    Removing dl_sysctl_mspm0g1x0x_g3x0x.o(.ARM.exidx.text.DL_SYSCTL_switchMCLKfromSYSOSCtoLFCLK), (8 bytes).
    Removing dl_sysctl_mspm0g1x0x_g3x0x.o(.text.DL_SYSCTL_switchMCLKfromLFCLKtoSYSOSC), (60 bytes).
    Removing dl_sysctl_mspm0g1x0x_g3x0x.o(.ARM.exidx.text.DL_SYSCTL_switchMCLKfromLFCLKtoSYSOSC), (8 bytes).
    Removing dl_sysctl_mspm0g1x0x_g3x0x.o(.ARM.exidx.text.DL_SYSCTL_switchMCLKfromSYSOSCtoHSCLK), (8 bytes).
    Removing dl_sysctl_mspm0g1x0x_g3x0x.o(.text.DL_SYSCTL_switchMCLKfromHSCLKtoSYSOSC), (48 bytes).
    Removing dl_sysctl_mspm0g1x0x_g3x0x.o(.ARM.exidx.text.DL_SYSCTL_switchMCLKfromHSCLKtoSYSOSC), (8 bytes).
    Removing dl_sysctl_mspm0g1x0x_g3x0x.o(.text.DL_SYSCTL_setHFCLKSourceHFXT), (96 bytes).
    Removing dl_sysctl_mspm0g1x0x_g3x0x.o(.ARM.exidx.text.DL_SYSCTL_setHFCLKSourceHFXT), (8 bytes).
    Removing dl_sysctl_mspm0g1x0x_g3x0x.o(.text.DL_SYSCTL_setHFCLKSourceHFXTParams), (108 bytes).
    Removing dl_sysctl_mspm0g1x0x_g3x0x.o(.ARM.exidx.text.DL_SYSCTL_setHFCLKSourceHFXTParams), (8 bytes).
    Removing dl_sysctl_mspm0g1x0x_g3x0x.o(.text.DL_SYSCTL_configFCC), (28 bytes).
    Removing dl_sysctl_mspm0g1x0x_g3x0x.o(.ARM.exidx.text.DL_SYSCTL_configFCC), (8 bytes).
    Removing dl_sysctl_mspm0g1x0x_g3x0x.o(.text.DL_SYSCTL_getPowerPolicyRUNSLEEP), (48 bytes).
    Removing dl_sysctl_mspm0g1x0x_g3x0x.o(.ARM.exidx.text.DL_SYSCTL_getPowerPolicyRUNSLEEP), (8 bytes).
    Removing dl_sysctl_mspm0g1x0x_g3x0x.o(.text.DL_SYSCTL_getPowerPolicySTOP), (52 bytes).
    Removing dl_sysctl_mspm0g1x0x_g3x0x.o(.ARM.exidx.text.DL_SYSCTL_getPowerPolicySTOP), (8 bytes).
    Removing dl_sysctl_mspm0g1x0x_g3x0x.o(.text.DL_SYSCTL_getPowerPolicySTANDBY), (40 bytes).
    Removing dl_sysctl_mspm0g1x0x_g3x0x.o(.ARM.exidx.text.DL_SYSCTL_getPowerPolicySTANDBY), (8 bytes).
    Removing dadd.o(.text), (356 bytes).
    Removing dmul.o(.text), (208 bytes).
    Removing ddiv.o(.text), (240 bytes).
    Removing dfixul.o(.text), (64 bytes).
    Removing cdrcmple.o(.text), (40 bytes).
    Removing depilogue.o(.text), (190 bytes).
    Removing depilogue.o(i.__ARM_clz), (46 bytes).

716 unused section(s) (total 30151 bytes) removed from the image.

==============================================================================

Adding Veneers to the image

    Adding TT veneer (12 bytes, Long) for call to 'DL_FlashCTL_executeCommandFromRAM' from dl_flashctl.o(.text.DL_FlashCTL_eraseMemoryFromRAM).

1 Veneer(s) (total 12 bytes) added to the image.

==============================================================================

Image Symbol Table

    Local Symbols

    Symbol Name                              Value     Ov Type        Size  Object(Section)

    ../clib/division.s                       0x00000000   Number         0  aeabi_sdivfast.o ABSOLUTE
    ../clib/division.s                       0x00000000   Number         0  aeabi_sdivfast_div0.o ABSOLUTE
    ../clib/microlib/division.c              0x00000000   Number         0  uidiv.o ABSOLUTE
    ../clib/microlib/division.c              0x00000000   Number         0  uidiv_div0.o ABSOLUTE
    ../clib/microlib/division.c              0x00000000   Number         0  idiv_div0.o ABSOLUTE
    ../clib/microlib/division.c              0x00000000   Number         0  idiv0.o ABSOLUTE
    ../clib/microlib/division.c              0x00000000   Number         0  uldiv.o ABSOLUTE
    ../clib/microlib/init/entry.s            0x00000000   Number         0  entry.o ABSOLUTE
    ../clib/microlib/init/entry.s            0x00000000   Number         0  entry2.o ABSOLUTE
    ../clib/microlib/init/entry.s            0x00000000   Number         0  entry5.o ABSOLUTE
    ../clib/microlib/init/entry.s            0x00000000   Number         0  entry7a.o ABSOLUTE
    ../clib/microlib/init/entry.s            0x00000000   Number         0  entry7b.o ABSOLUTE
    ../clib/microlib/init/entry.s            0x00000000   Number         0  entry8a.o ABSOLUTE
    ../clib/microlib/init/entry.s            0x00000000   Number         0  entry8b.o ABSOLUTE
    ../clib/microlib/init/entry.s            0x00000000   Number         0  entry9a.o ABSOLUTE
    ../clib/microlib/init/entry.s            0x00000000   Number         0  entry9b.o ABSOLUTE
    ../clib/microlib/init/entry.s            0x00000000   Number         0  entry10a.o ABSOLUTE
    ../clib/microlib/init/entry.s            0x00000000   Number         0  entry10b.o ABSOLUTE
    ../clib/microlib/init/entry.s            0x00000000   Number         0  entry11a.o ABSOLUTE
    ../clib/microlib/init/entry.s            0x00000000   Number         0  entry11b.o ABSOLUTE
    ../clib/microlib/longlong.c              0x00000000   Number         0  llshl.o ABSOLUTE
    ../clib/microlib/longlong.c              0x00000000   Number         0  llushr.o ABSOLUTE
    ../clib/microlib/longlong.c              0x00000000   Number         0  llsshr.o ABSOLUTE
    ../clib/microlib/malloc/calloc.c         0x00000000   Number         0  calloc.o ABSOLUTE
    ../clib/microlib/malloc/malloc.c         0x00000000   Number         0  malloc.o ABSOLUTE
    ../clib/microlib/malloc/malloc.c         0x00000000   Number         0  mallocr.o ABSOLUTE
    ../clib/microlib/malloc/malloc.c         0x00000000   Number         0  malloca.o ABSOLUTE
    ../clib/microlib/malloc/malloc.c         0x00000000   Number         0  mallocra.o ABSOLUTE
    ../clib/microlib/malloc/mvars.c          0x00000000   Number         0  mvars.o ABSOLUTE
    ../clib/microlib/printf/printf.c         0x00000000   Number         0  printfb.o ABSOLUTE
    ../clib/microlib/printf/printf.c         0x00000000   Number         0  printf0.o ABSOLUTE
    ../clib/microlib/printf/printf.c         0x00000000   Number         0  printf1.o ABSOLUTE
    ../clib/microlib/printf/printf.c         0x00000000   Number         0  printf2.o ABSOLUTE
    ../clib/microlib/printf/printf.c         0x00000000   Number         0  printf3.o ABSOLUTE
    ../clib/microlib/printf/printf.c         0x00000000   Number         0  printf4.o ABSOLUTE
    ../clib/microlib/printf/printf.c         0x00000000   Number         0  printf5.o ABSOLUTE
    ../clib/microlib/printf/printf.c         0x00000000   Number         0  printf6.o ABSOLUTE
    ../clib/microlib/printf/printf.c         0x00000000   Number         0  printf7.o ABSOLUTE
    ../clib/microlib/printf/printf.c         0x00000000   Number         0  printf8.o ABSOLUTE
    ../clib/microlib/printf/printf.c         0x00000000   Number         0  printfa.o ABSOLUTE
    ../clib/microlib/printf/stubs.s          0x00000000   Number         0  printfstubs.o ABSOLUTE
    ../clib/microlib/stdio/putchar.c         0x00000000   Number         0  putchar.o ABSOLUTE
    ../clib/microlib/stdio/streams.c         0x00000000   Number         0  stdout.o ABSOLUTE
    ../clib/microlib/string/memcpy.c         0x00000000   Number         0  memcpya.o ABSOLUTE
    ../clib/microlib/string/memcpy.c         0x00000000   Number         0  memcpyb.o ABSOLUTE
    ../clib/microlib/string/memset.c         0x00000000   Number         0  memseta.o ABSOLUTE
    ../clib/microlib/string/strchr.c         0x00000000   Number         0  strchr.o ABSOLUTE
    ../clib/microlib/string/strlen.c         0x00000000   Number         0  strlen.o ABSOLUTE
    ../clib/microlib/stubs.s                 0x00000000   Number         0  iusefp.o ABSOLUTE
    ../fplib/microlib/fpadd.c                0x00000000   Number         0  dadd.o ABSOLUTE
    ../fplib/microlib/fpdiv.c                0x00000000   Number         0  ddiv.o ABSOLUTE
    ../fplib/microlib/fpepilogue.c           0x00000000   Number         0  depilogue.o ABSOLUTE
    ../fplib/microlib/fpfix.c                0x00000000   Number         0  dfixul.o ABSOLUTE
    ../fplib/microlib/fpmul.c                0x00000000   Number         0  dmul.o ABSOLUTE
    CommandLine.c                            0x00000000   Number         0  commandline.o ABSOLUTE
    Keyboard.c                               0x00000000   Number         0  keyboard.o ABSOLUTE
    MusicPlayer.c                            0x00000000   Number         0  musicplayer.o ABSOLUTE
    UART.c                                   0x00000000   Number         0  uart.o ABSOLUTE
    cdrcmple.s                               0x00000000   Number         0  cdrcmple.o ABSOLUTE
    dc.s                                     0x00000000   Number         0  dc.o ABSOLUTE
    dl_adc12.c                               0x00000000   Number         0  dl_adc12.o ABSOLUTE
    dl_aes.c                                 0x00000000   Number         0  dl_aes.o ABSOLUTE
    dl_common.c                              0x00000000   Number         0  dl_common.o ABSOLUTE
    dl_crc.c                                 0x00000000   Number         0  dl_crc.o ABSOLUTE
    dl_dac12.c                               0x00000000   Number         0  dl_dac12.o ABSOLUTE
    dl_dma.c                                 0x00000000   Number         0  dl_dma.o ABSOLUTE
    dl_flashctl.c                            0x00000000   Number         0  dl_flashctl.o ABSOLUTE
    dl_i2c.c                                 0x00000000   Number         0  dl_i2c.o ABSOLUTE
    dl_interrupt.c                           0x00000000   Number         0  dl_interrupt.o ABSOLUTE
    dl_mathacl.c                             0x00000000   Number         0  dl_mathacl.o ABSOLUTE
    dl_mcan.c                                0x00000000   Number         0  dl_mcan.o ABSOLUTE
    dl_opa.c                                 0x00000000   Number         0  dl_opa.o ABSOLUTE
    dl_rtc.c                                 0x00000000   Number         0  dl_rtc.o ABSOLUTE
    dl_spi.c                                 0x00000000   Number         0  dl_spi.o ABSOLUTE
    dl_sysctl_mspm0g1x0x_g3x0x.c             0x00000000   Number         0  dl_sysctl_mspm0g1x0x_g3x0x.o ABSOLUTE
    dl_timer.c                               0x00000000   Number         0  dl_timer.o ABSOLUTE
    dl_trng.c                                0x00000000   Number         0  dl_trng.o ABSOLUTE
    dl_uart.c                                0x00000000   Number         0  dl_uart.o ABSOLUTE
    dl_vref.c                                0x00000000   Number         0  dl_vref.o ABSOLUTE
    eeprom_emulation_type_a.c                0x00000000   Number         0  eeprom_emulation_type_a.o ABSOLUTE
    handlers.s                               0x00000000   Number         0  handlers.o ABSOLUTE
    init.s                                   0x00000000   Number         0  init.o ABSOLUTE
    main.c                                   0x00000000   Number         0  main.o ABSOLUTE
    oled_spi_V0.2.c                          0x00000000   Number         0  oled_spi_v0.2.o ABSOLUTE
    startup_mspm0g3507_uvision.s             0x00000000   Number         0  startup_mspm0g3507_uvision.o ABSOLUTE
    ti_msp_dl_config.c                       0x00000000   Number         0  ti_msp_dl_config.o ABSOLUTE
    RESET                                    0x00000000   Section      192  startup_mspm0g3507_uvision.o(RESET)
    .ARM.Collect$$$$00000000                 0x000000c0   Section        0  entry.o(.ARM.Collect$$$$00000000)
    .ARM.Collect$$$$00000001                 0x000000c0   Section        4  entry2.o(.ARM.Collect$$$$00000001)
    .ARM.Collect$$$$00000004                 0x000000c4   Section        4  entry5.o(.ARM.Collect$$$$00000004)
    .ARM.Collect$$$$00000008                 0x000000c8   Section        0  entry7b.o(.ARM.Collect$$$$00000008)
    .ARM.Collect$$$$0000000A                 0x000000c8   Section        0  entry8b.o(.ARM.Collect$$$$0000000A)
    .ARM.Collect$$$$0000000B                 0x000000c8   Section        8  entry9a.o(.ARM.Collect$$$$0000000B)
    __lit__00000000                          0x000000d0   Data           4  entry2.o(.ARM.Collect$$$$00002712)
    .ARM.Collect$$$$0000000D                 0x000000d0   Section        0  entry10a.o(.ARM.Collect$$$$0000000D)
    .ARM.Collect$$$$0000000F                 0x000000d0   Section        0  entry11a.o(.ARM.Collect$$$$0000000F)
    .ARM.Collect$$$$00002712                 0x000000d0   Section        4  entry2.o(.ARM.Collect$$$$00002712)
    .text                                    0x000000d4   Section       20  startup_mspm0g3507_uvision.o(.text)
    .text                                    0x000000e8   Section        0  memcpya.o(.text)
    .text                                    0x0000010c   Section        0  memseta.o(.text)
    .text                                    0x00000130   Section        0  strchr.o(.text)
    .text                                    0x00000144   Section        0  strlen.o(.text)
    .text                                    0x00000152   Section        0  calloc.o(.text)
    .text                                    0x0000016e   Section        0  uidiv_div0.o(.text)
    .text                                    0x000001b0   Section       48  init.o(.text)
    [Anonymous Symbol]                       0x000001e0   Section        0  commandline.o(.text.AnalyseCmd)
    [Anonymous Symbol]                       0x00000250   Section        0  musicplayer.o(.text.BeepUp)
    __arm_cp.7_0                             0x000002a8   Number         4  musicplayer.o(.text.BeepUp)
    __arm_cp.7_1                             0x000002ac   Number         4  musicplayer.o(.text.BeepUp)
    __arm_cp.7_2                             0x000002b0   Number         4  musicplayer.o(.text.BeepUp)
    [Anonymous Symbol]                       0x000002b4   Section        0  commandline.o(.text.CommandLineON)
    __arm_cp.0_0                             0x000002c4   Number         4  commandline.o(.text.CommandLineON)
    [Anonymous Symbol]                       0x000002c8   Section        0  dl_adc12.o(.text.DL_ADC12_setClockConfig)
    __arm_cp.0_0                             0x00000300   Number         4  dl_adc12.o(.text.DL_ADC12_setClockConfig)
    __arm_cp.0_1                             0x00000304   Number         4  dl_adc12.o(.text.DL_ADC12_setClockConfig)
    [Anonymous Symbol]                       0x00000308   Section        0  dl_common.o(.text.DL_Common_delayCycles)
    DL_Common_delayCyclesLoop                0x0000030a   Number         0  dl_common.o(.text.DL_Common_delayCycles)
    [Anonymous Symbol]                       0x00000314   Section        0  dl_dma.o(.text.DL_DMA_initChannel)
    __arm_cp.0_0                             0x00000354   Number         4  dl_dma.o(.text.DL_DMA_initChannel)
    [Anonymous Symbol]                       0x00000358   Section        0  dl_flashctl.o(.text.DL_FlashCTL_eraseMemoryFromRAM)
    [Anonymous Symbol]                       0x0000036c   Section        0  dl_flashctl.o(.text.DL_FlashCTL_programMemoryBlockingFromRAM64WithECCGenerated)
    [Anonymous Symbol]                       0x000003c8   Section        0  dl_flashctl.o(.text.DL_FlashCTL_programMemoryFromRAM64)
    [Anonymous Symbol]                       0x000003e8   Section        0  dl_flashctl.o(.text.DL_FlashCTL_programMemoryFromRAM64WithECCGenerated)
    __arm_cp.29_0                            0x00000408   Number         4  dl_flashctl.o(.text.DL_FlashCTL_programMemoryFromRAM64WithECCGenerated)
    __arm_cp.29_1                            0x0000040c   Number         4  dl_flashctl.o(.text.DL_FlashCTL_programMemoryFromRAM64WithECCGenerated)
    [Anonymous Symbol]                       0x00000410   Section        0  dl_flashctl.o(.text.DL_FlashCTL_unprotectSector)
    __arm_cp.39_1                            0x000004e0   Number         4  dl_flashctl.o(.text.DL_FlashCTL_unprotectSector)
    __arm_cp.39_2                            0x000004e4   Number         4  dl_flashctl.o(.text.DL_FlashCTL_unprotectSector)
    __arm_cp.39_3                            0x000004e8   Number         4  dl_flashctl.o(.text.DL_FlashCTL_unprotectSector)
    [Anonymous Symbol]                       0x000004ec   Section        0  dl_spi.o(.text.DL_SPI_init)
    __arm_cp.0_0                             0x00000528   Number         4  dl_spi.o(.text.DL_SPI_init)
    __arm_cp.0_1                             0x0000052c   Number         4  dl_spi.o(.text.DL_SPI_init)
    [Anonymous Symbol]                       0x00000530   Section        0  dl_spi.o(.text.DL_SPI_setClockConfig)
    [Anonymous Symbol]                       0x00000544   Section        0  dl_sysctl_mspm0g1x0x_g3x0x.o(.text.DL_SYSCTL_configSYSPLL)
    __arm_cp.0_0                             0x00000620   Number         4  dl_sysctl_mspm0g1x0x_g3x0x.o(.text.DL_SYSCTL_configSYSPLL)
    __arm_cp.0_2                             0x00000624   Number         4  dl_sysctl_mspm0g1x0x_g3x0x.o(.text.DL_SYSCTL_configSYSPLL)
    __arm_cp.0_3                             0x00000628   Number         4  dl_sysctl_mspm0g1x0x_g3x0x.o(.text.DL_SYSCTL_configSYSPLL)
    __arm_cp.0_4                             0x0000062c   Number         4  dl_sysctl_mspm0g1x0x_g3x0x.o(.text.DL_SYSCTL_configSYSPLL)
    [Anonymous Symbol]                       0x00000630   Section        0  dl_sysctl_mspm0g1x0x_g3x0x.o(.text.DL_SYSCTL_switchMCLKfromSYSOSCtoHSCLK)
    __arm_cp.4_0                             0x00000678   Number         4  dl_sysctl_mspm0g1x0x_g3x0x.o(.text.DL_SYSCTL_switchMCLKfromSYSOSCtoHSCLK)
    __arm_cp.4_1                             0x0000067c   Number         4  dl_sysctl_mspm0g1x0x_g3x0x.o(.text.DL_SYSCTL_switchMCLKfromSYSOSCtoHSCLK)
    [Anonymous Symbol]                       0x00000680   Section        0  dl_timer.o(.text.DL_TimerA_initPWMMode)
    __arm_cp.31_0                            0x000006ec   Number         4  dl_timer.o(.text.DL_TimerA_initPWMMode)
    [Anonymous Symbol]                       0x000006f0   Section        0  dl_timer.o(.text.DL_Timer_initPWMMode)
    __arm_cp.11_0                            0x0000079c   Number         4  dl_timer.o(.text.DL_Timer_initPWMMode)
    __arm_cp.11_1                            0x000007a0   Number         4  dl_timer.o(.text.DL_Timer_initPWMMode)
    __arm_cp.11_2                            0x000007a4   Number         4  dl_timer.o(.text.DL_Timer_initPWMMode)
    __arm_cp.11_3                            0x000007a8   Number         4  dl_timer.o(.text.DL_Timer_initPWMMode)
    __arm_cp.11_4                            0x000007ac   Number         4  dl_timer.o(.text.DL_Timer_initPWMMode)
    __arm_cp.11_5                            0x000007b0   Number         4  dl_timer.o(.text.DL_Timer_initPWMMode)
    __arm_cp.11_6                            0x000007b4   Number         4  dl_timer.o(.text.DL_Timer_initPWMMode)
    [Anonymous Symbol]                       0x000007b8   Section        0  dl_timer.o(.text.DL_Timer_setCaptCompUpdateMethod)
    __arm_cp.18_0                            0x000007d0   Number         4  dl_timer.o(.text.DL_Timer_setCaptCompUpdateMethod)
    [Anonymous Symbol]                       0x000007d4   Section        0  dl_timer.o(.text.DL_Timer_setCaptureCompareOutCtl)
    __arm_cp.13_0                            0x000007e8   Number         4  dl_timer.o(.text.DL_Timer_setCaptureCompareOutCtl)
    [Anonymous Symbol]                       0x000007ec   Section        0  dl_timer.o(.text.DL_Timer_setCaptureCompareValue)
    __arm_cp.3_0                             0x000007f8   Number         4  dl_timer.o(.text.DL_Timer_setCaptureCompareValue)
    [Anonymous Symbol]                       0x000007fc   Section        0  dl_timer.o(.text.DL_Timer_setClockConfig)
    __arm_cp.0_0                             0x00000814   Number         4  dl_timer.o(.text.DL_Timer_setClockConfig)
    [Anonymous Symbol]                       0x00000818   Section        0  dl_uart.o(.text.DL_UART_init)
    __arm_cp.0_0                             0x00000858   Number         4  dl_uart.o(.text.DL_UART_init)
    __arm_cp.0_1                             0x0000085c   Number         4  dl_uart.o(.text.DL_UART_init)
    [Anonymous Symbol]                       0x00000860   Section        0  dl_uart.o(.text.DL_UART_receiveDataBlocking)
    [Anonymous Symbol]                       0x00000884   Section        0  dl_uart.o(.text.DL_UART_setClockConfig)
    [Anonymous Symbol]                       0x00000898   Section        0  dl_uart.o(.text.DL_UART_transmitDataBlocking)
    __arm_cp.7_0                             0x000008b8   Number         4  dl_uart.o(.text.DL_UART_transmitDataBlocking)
    [Anonymous Symbol]                       0x000008bc   Section        0  eeprom_emulation_type_a.o(.text.EEPROM_TypeA_init)
    __arm_cp.1_0                             0x000009b0   Number         4  eeprom_emulation_type_a.o(.text.EEPROM_TypeA_init)
    __arm_cp.1_2                             0x000009b4   Number         4  eeprom_emulation_type_a.o(.text.EEPROM_TypeA_init)
    [Anonymous Symbol]                       0x000009b8   Section        0  eeprom_emulation_type_a.o(.text.EEPROM_TypeA_repairFormat)
    __arm_cp.4_2                             0x00000ad0   Number         4  eeprom_emulation_type_a.o(.text.EEPROM_TypeA_repairFormat)
    __arm_cp.4_4                             0x00000ad4   Number         4  eeprom_emulation_type_a.o(.text.EEPROM_TypeA_repairFormat)
    [Anonymous Symbol]                       0x00000ad8   Section        0  eeprom_emulation_type_a.o(.text.EEPROM_TypeA_searchCheck)
    __arm_cp.2_0                             0x00000d00   Number         4  eeprom_emulation_type_a.o(.text.EEPROM_TypeA_searchCheck)
    __arm_cp.2_1                             0x00000d04   Number         4  eeprom_emulation_type_a.o(.text.EEPROM_TypeA_searchCheck)
    __arm_cp.2_2                             0x00000d08   Number         4  eeprom_emulation_type_a.o(.text.EEPROM_TypeA_searchCheck)
    __arm_cp.2_3                             0x00000d0c   Number         4  eeprom_emulation_type_a.o(.text.EEPROM_TypeA_searchCheck)
    __arm_cp.2_4                             0x00000d10   Number         4  eeprom_emulation_type_a.o(.text.EEPROM_TypeA_searchCheck)
    __arm_cp.2_5                             0x00000d14   Number         4  eeprom_emulation_type_a.o(.text.EEPROM_TypeA_searchCheck)
    __arm_cp.2_6                             0x00000d18   Number         4  eeprom_emulation_type_a.o(.text.EEPROM_TypeA_searchCheck)
    [Anonymous Symbol]                       0x00000d1c   Section        0  keyboard.o(.text.KeySCInput)
    __arm_cp.1_1                             0x00000f1c   Number         4  keyboard.o(.text.KeySCInput)
    [Anonymous Symbol]                       0x00000f20   Section        0  keyboard.o(.text.Keyboard_init)
    __arm_cp.0_0                             0x00000f38   Number         4  keyboard.o(.text.Keyboard_init)
    [Anonymous Symbol]                       0x00000f3c   Section        0  musicplayer.o(.text.MusicPlayer_init)
    __arm_cp.0_0                             0x00000f60   Number         4  musicplayer.o(.text.MusicPlayer_init)
    __arm_cp.0_1                             0x00000f64   Number         4  musicplayer.o(.text.MusicPlayer_init)
    __arm_cp.0_2                             0x00000f68   Number         4  musicplayer.o(.text.MusicPlayer_init)
    __arm_cp.0_3                             0x00000f6c   Number         4  musicplayer.o(.text.MusicPlayer_init)
    [Anonymous Symbol]                       0x00000f70   Section        0  oled_spi_v0.2.o(.text.OLED_Clear)
    __arm_cp.4_2                             0x000010b8   Number         4  oled_spi_v0.2.o(.text.OLED_Clear)
    [Anonymous Symbol]                       0x000010bc   Section        0  oled_spi_v0.2.o(.text.OLED_DrawBMP)
    [Anonymous Symbol]                       0x000012a0   Section        0  oled_spi_v0.2.o(.text.OLED_Init)
    __arm_cp.18_3                            0x000012bc   Number         4  oled_spi_v0.2.o(.text.OLED_Init)
    __arm_cp.18_4                            0x000012c0   Number         4  oled_spi_v0.2.o(.text.OLED_Init)
    __arm_cp.18_5                            0x000012c4   Number         4  oled_spi_v0.2.o(.text.OLED_Init)
    [Anonymous Symbol]                       0x000019c4   Section        0  oled_spi_v0.2.o(.text.OLED_ShowChar)
    __arm_cp.5_0                             0x00001bec   Number         4  oled_spi_v0.2.o(.text.OLED_ShowChar)
    __arm_cp.5_1                             0x00001bf0   Number         4  oled_spi_v0.2.o(.text.OLED_ShowChar)
    __arm_cp.5_2                             0x00001bf4   Number         4  oled_spi_v0.2.o(.text.OLED_ShowChar)
    [Anonymous Symbol]                       0x00001bf8   Section        0  oled_spi_v0.2.o(.text.OLED_ShowNum)
    __arm_cp.7_0                             0x00001cd4   Number         4  oled_spi_v0.2.o(.text.OLED_ShowNum)
    [Anonymous Symbol]                       0x00001cd8   Section        0  oled_spi_v0.2.o(.text.OLED_ShowString)
    [Anonymous Symbol]                       0x00001d20   Section        0  ti_msp_dl_config.o(.text.SYSCFG_DL_ADC12_0_init)
    __arm_cp.8_0                             0x00001d70   Number         4  ti_msp_dl_config.o(.text.SYSCFG_DL_ADC12_0_init)
    __arm_cp.8_1                             0x00001d74   Number         4  ti_msp_dl_config.o(.text.SYSCFG_DL_ADC12_0_init)
    __arm_cp.8_3                             0x00001d78   Number         4  ti_msp_dl_config.o(.text.SYSCFG_DL_ADC12_0_init)
    [Anonymous Symbol]                       0x00001d7c   Section        0  ti_msp_dl_config.o(.text.SYSCFG_DL_ADC12_1_init)
    __arm_cp.9_0                             0x00001ddc   Number         4  ti_msp_dl_config.o(.text.SYSCFG_DL_ADC12_1_init)
    __arm_cp.9_1                             0x00001de0   Number         4  ti_msp_dl_config.o(.text.SYSCFG_DL_ADC12_1_init)
    __arm_cp.9_2                             0x00001de4   Number         4  ti_msp_dl_config.o(.text.SYSCFG_DL_ADC12_1_init)
    __arm_cp.9_3                             0x00001de8   Number         4  ti_msp_dl_config.o(.text.SYSCFG_DL_ADC12_1_init)
    __arm_cp.9_4                             0x00001dec   Number         4  ti_msp_dl_config.o(.text.SYSCFG_DL_ADC12_1_init)
    __arm_cp.9_5                             0x00001df0   Number         4  ti_msp_dl_config.o(.text.SYSCFG_DL_ADC12_1_init)
    [Anonymous Symbol]                       0x00001df4   Section        0  ti_msp_dl_config.o(.text.SYSCFG_DL_DMA_CH0_init)
    __arm_cp.14_1                            0x00001e04   Number         4  ti_msp_dl_config.o(.text.SYSCFG_DL_DMA_CH0_init)
    [Anonymous Symbol]                       0x00001e08   Section        0  ti_msp_dl_config.o(.text.SYSCFG_DL_DMA_CH1_init)
    __arm_cp.15_0                            0x00001e18   Number         4  ti_msp_dl_config.o(.text.SYSCFG_DL_DMA_CH1_init)
    __arm_cp.15_1                            0x00001e1c   Number         4  ti_msp_dl_config.o(.text.SYSCFG_DL_DMA_CH1_init)
    [Anonymous Symbol]                       0x00001e20   Section        0  ti_msp_dl_config.o(.text.SYSCFG_DL_DMA_init)
    [Anonymous Symbol]                       0x00001e2c   Section        0  ti_msp_dl_config.o(.text.SYSCFG_DL_GPIO_init)
    __arm_cp.2_0                             0x00001e8c   Number         4  ti_msp_dl_config.o(.text.SYSCFG_DL_GPIO_init)
    __arm_cp.2_1                             0x00001e90   Number         4  ti_msp_dl_config.o(.text.SYSCFG_DL_GPIO_init)
    __arm_cp.2_2                             0x00001e94   Number         4  ti_msp_dl_config.o(.text.SYSCFG_DL_GPIO_init)
    __arm_cp.2_3                             0x00001e98   Number         4  ti_msp_dl_config.o(.text.SYSCFG_DL_GPIO_init)
    __arm_cp.2_4                             0x00001e9c   Number         4  ti_msp_dl_config.o(.text.SYSCFG_DL_GPIO_init)
    __arm_cp.2_5                             0x00001ea0   Number         4  ti_msp_dl_config.o(.text.SYSCFG_DL_GPIO_init)
    [Anonymous Symbol]                       0x00001ea4   Section        0  ti_msp_dl_config.o(.text.SYSCFG_DL_PWM_0_init)
    __arm_cp.4_0                             0x00001f2c   Number         4  ti_msp_dl_config.o(.text.SYSCFG_DL_PWM_0_init)
    __arm_cp.4_1                             0x00001f30   Number         4  ti_msp_dl_config.o(.text.SYSCFG_DL_PWM_0_init)
    __arm_cp.4_2                             0x00001f34   Number         4  ti_msp_dl_config.o(.text.SYSCFG_DL_PWM_0_init)
    __arm_cp.4_3                             0x00001f38   Number         4  ti_msp_dl_config.o(.text.SYSCFG_DL_PWM_0_init)
    __arm_cp.4_4                             0x00001f3c   Number         4  ti_msp_dl_config.o(.text.SYSCFG_DL_PWM_0_init)
    [Anonymous Symbol]                       0x00001f40   Section        0  ti_msp_dl_config.o(.text.SYSCFG_DL_SPI_Flash_init)
    __arm_cp.7_0                             0x00001f78   Number         4  ti_msp_dl_config.o(.text.SYSCFG_DL_SPI_Flash_init)
    __arm_cp.7_1                             0x00001f7c   Number         4  ti_msp_dl_config.o(.text.SYSCFG_DL_SPI_Flash_init)
    __arm_cp.7_2                             0x00001f80   Number         4  ti_msp_dl_config.o(.text.SYSCFG_DL_SPI_Flash_init)
    __arm_cp.7_3                             0x00001f84   Number         4  ti_msp_dl_config.o(.text.SYSCFG_DL_SPI_Flash_init)
    [Anonymous Symbol]                       0x00001f88   Section        0  ti_msp_dl_config.o(.text.SYSCFG_DL_SPI_OLED_init)
    __arm_cp.6_0                             0x00001fc0   Number         4  ti_msp_dl_config.o(.text.SYSCFG_DL_SPI_OLED_init)
    __arm_cp.6_1                             0x00001fc4   Number         4  ti_msp_dl_config.o(.text.SYSCFG_DL_SPI_OLED_init)
    __arm_cp.6_2                             0x00001fc8   Number         4  ti_msp_dl_config.o(.text.SYSCFG_DL_SPI_OLED_init)
    __arm_cp.6_3                             0x00001fcc   Number         4  ti_msp_dl_config.o(.text.SYSCFG_DL_SPI_OLED_init)
    __arm_cp.6_4                             0x00001fd0   Number         4  ti_msp_dl_config.o(.text.SYSCFG_DL_SPI_OLED_init)
    [Anonymous Symbol]                       0x00001fd4   Section        0  ti_msp_dl_config.o(.text.SYSCFG_DL_SYSCTL_init)
    __arm_cp.3_0                             0x0000202c   Number         4  ti_msp_dl_config.o(.text.SYSCFG_DL_SYSCTL_init)
    __arm_cp.3_1                             0x00002030   Number         4  ti_msp_dl_config.o(.text.SYSCFG_DL_SYSCTL_init)
    __arm_cp.3_2                             0x00002034   Number         4  ti_msp_dl_config.o(.text.SYSCFG_DL_SYSCTL_init)
    [Anonymous Symbol]                       0x00002038   Section        0  ti_msp_dl_config.o(.text.SYSCFG_DL_SYSTICK_init)
    __arm_cp.11_0                            0x00002050   Number         4  ti_msp_dl_config.o(.text.SYSCFG_DL_SYSTICK_init)
    __arm_cp.11_1                            0x00002054   Number         4  ti_msp_dl_config.o(.text.SYSCFG_DL_SYSTICK_init)
    [Anonymous Symbol]                       0x00002058   Section        0  ti_msp_dl_config.o(.text.SYSCFG_DL_UART_0_init)
    __arm_cp.5_1                             0x000020d0   Number         4  ti_msp_dl_config.o(.text.SYSCFG_DL_UART_0_init)
    __arm_cp.5_2                             0x000020d4   Number         4  ti_msp_dl_config.o(.text.SYSCFG_DL_UART_0_init)
    __arm_cp.5_3                             0x000020d8   Number         4  ti_msp_dl_config.o(.text.SYSCFG_DL_UART_0_init)
    __arm_cp.5_4                             0x000020dc   Number         4  ti_msp_dl_config.o(.text.SYSCFG_DL_UART_0_init)
    __arm_cp.5_5                             0x000020e0   Number         4  ti_msp_dl_config.o(.text.SYSCFG_DL_UART_0_init)
    [Anonymous Symbol]                       0x000020e4   Section        0  ti_msp_dl_config.o(.text.SYSCFG_DL_init)
    __arm_cp.0_0                             0x00002128   Number         4  ti_msp_dl_config.o(.text.SYSCFG_DL_init)
    __arm_cp.0_1                             0x0000212c   Number         4  ti_msp_dl_config.o(.text.SYSCFG_DL_init)
    __arm_cp.0_2                             0x00002130   Number         4  ti_msp_dl_config.o(.text.SYSCFG_DL_init)
    [Anonymous Symbol]                       0x00002134   Section        0  ti_msp_dl_config.o(.text.SYSCFG_DL_initPower)
    __arm_cp.1_0                             0x00002184   Number         4  ti_msp_dl_config.o(.text.SYSCFG_DL_initPower)
    __arm_cp.1_1                             0x00002188   Number         4  ti_msp_dl_config.o(.text.SYSCFG_DL_initPower)
    __arm_cp.1_2                             0x0000218c   Number         4  ti_msp_dl_config.o(.text.SYSCFG_DL_initPower)
    __arm_cp.1_3                             0x00002190   Number         4  ti_msp_dl_config.o(.text.SYSCFG_DL_initPower)
    __arm_cp.1_4                             0x00002194   Number         4  ti_msp_dl_config.o(.text.SYSCFG_DL_initPower)
    __arm_cp.1_5                             0x00002198   Number         4  ti_msp_dl_config.o(.text.SYSCFG_DL_initPower)
    __arm_cp.1_6                             0x0000219c   Number         4  ti_msp_dl_config.o(.text.SYSCFG_DL_initPower)
    __arm_cp.1_7                             0x000021a0   Number         4  ti_msp_dl_config.o(.text.SYSCFG_DL_initPower)
    __arm_cp.1_8                             0x000021a4   Number         4  ti_msp_dl_config.o(.text.SYSCFG_DL_initPower)
    __arm_cp.1_9                             0x000021a8   Number         4  ti_msp_dl_config.o(.text.SYSCFG_DL_initPower)
    __arm_cp.1_10                            0x000021ac   Number         4  ti_msp_dl_config.o(.text.SYSCFG_DL_initPower)
    [Anonymous Symbol]                       0x000021b0   Section        0  main.o(.text.UART0_IRQHandler)
    __arm_cp.4_0                             0x000021dc   Number         4  main.o(.text.UART0_IRQHandler)
    [Anonymous Symbol]                       0x000021e0   Section        0  uart.o(.text.UART_init)
    __arm_cp.0_0                             0x000021f0   Number         4  uart.o(.text.UART_init)
    __arm_cp.0_1                             0x000021f4   Number         4  uart.o(.text.UART_init)
    [Anonymous Symbol]                       0x000021f8   Section        0  commandline.o(.text.embedding)
    __arm_cp.3_0                             0x000022a4   Number         4  commandline.o(.text.embedding)
    __arm_cp.3_1                             0x000022a8   Number         4  commandline.o(.text.embedding)
    __arm_cp.3_2                             0x000022ac   Number         4  commandline.o(.text.embedding)
    [Anonymous Symbol]                       0x000022b0   Section        0  uart.o(.text.fputc)
    __arm_cp.3_0                             0x000022c0   Number         4  uart.o(.text.fputc)
    [Anonymous Symbol]                       0x000022c4   Section        0  main.o(.text.main)
    __arm_cp.0_0                             0x000024b4   Number         4  main.o(.text.main)
    __arm_cp.0_1                             0x000024b8   Number         4  main.o(.text.main)
    __arm_cp.0_2                             0x000024bc   Number         4  main.o(.text.main)
    __arm_cp.0_3                             0x000024c0   Number         4  main.o(.text.main)
    __arm_cp.0_4                             0x000024c4   Number         4  main.o(.text.main)
    __arm_cp.0_5                             0x000024c8   Number         4  main.o(.text.main)
    __arm_cp.0_6                             0x000024cc   Number         4  main.o(.text.main)
    __arm_cp.0_7                             0x000024d0   Number         4  main.o(.text.main)
    __arm_cp.0_8                             0x000024d4   Number         4  main.o(.text.main)
    __arm_cp.0_9                             0x000024d8   Number         4  main.o(.text.main)
    __arm_cp.0_10                            0x000024dc   Number         4  main.o(.text.main)
    __arm_cp.0_11                            0x000024e0   Number         4  main.o(.text.main)
    __arm_cp.0_12                            0x000024e4   Number         4  main.o(.text.main)
    __arm_cp.0_13                            0x000024e8   Number         4  main.o(.text.main)
    __arm_cp.0_14                            0x000024ec   Number         4  main.o(.text.main)
    __arm_cp.0_15                            0x000024f0   Number         4  main.o(.text.main)
    __arm_cp.0_16                            0x000024f4   Number         4  main.o(.text.main)
    __arm_cp.0_17                            0x000024f8   Number         4  main.o(.text.main)
    __arm_cp.0_18                            0x000024fc   Number         4  main.o(.text.main)
    __arm_cp.0_19                            0x00002500   Number         4  main.o(.text.main)
    __arm_cp.0_20                            0x00002504   Number         4  main.o(.text.main)
    [Anonymous Symbol]                       0x00002508   Section        0  musicplayer.o(.text.playMusic)
    __arm_cp.3_0                             0x00002574   Number         4  musicplayer.o(.text.playMusic)
    __arm_cp.3_1                             0x00002578   Number         4  musicplayer.o(.text.playMusic)
    __arm_cp.3_2                             0x0000257c   Number         4  musicplayer.o(.text.playMusic)
    Long Thumb to Thumb Veneer to DL_FlashCTL_executeCommandFromRAM 0x00002581   Thumb Code    12  anon$$obj.o(Veneer$$Code)
    i.__0printf$1                            0x0000258c   Section        0  printf1.o(i.__0printf$1)
    i.__scatterload_copy                     0x000025b0   Section       14  handlers.o(i.__scatterload_copy)
    i.__scatterload_null                     0x000025c0   Section        2  handlers.o(i.__scatterload_null)
    i.__scatterload_zeroinit                 0x000025c8   Section       14  handlers.o(i.__scatterload_zeroinit)
    _printf_core                             0x000025d9   Thumb Code   332  printf1.o(i._printf_core)
    i._printf_core                           0x000025d8   Section        0  printf1.o(i._printf_core)
    i.free                                   0x00002728   Section        0  malloc.o(i.free)
    i.malloc                                 0x0000277c   Section        0  malloc.o(i.malloc)
    i.putchar                                0x000027e8   Section        0  putchar.o(i.putchar)
    [Anonymous Symbol]                       0x000027f8   Section        0  main.o(.rodata..Lswitch.table.other_value_input)
    gADC12_0ClockConfig                      0x00003a9c   Data           8  ti_msp_dl_config.o(.rodata.gADC12_0ClockConfig)
    [Anonymous Symbol]                       0x00003a9c   Section        0  ti_msp_dl_config.o(.rodata.gADC12_0ClockConfig)
    gADC12_1ClockConfig                      0x00003aa4   Data           8  ti_msp_dl_config.o(.rodata.gADC12_1ClockConfig)
    [Anonymous Symbol]                       0x00003aa4   Section        0  ti_msp_dl_config.o(.rodata.gADC12_1ClockConfig)
    gDMA_CH0Config                           0x00003aac   Data          24  ti_msp_dl_config.o(.rodata.gDMA_CH0Config)
    [Anonymous Symbol]                       0x00003aac   Section        0  ti_msp_dl_config.o(.rodata.gDMA_CH0Config)
    gDMA_CH1Config                           0x00003ac4   Data          24  ti_msp_dl_config.o(.rodata.gDMA_CH1Config)
    [Anonymous Symbol]                       0x00003ac4   Section        0  ti_msp_dl_config.o(.rodata.gDMA_CH1Config)
    gPWM_0ClockConfig                        0x00003adc   Data           3  ti_msp_dl_config.o(.rodata.gPWM_0ClockConfig)
    [Anonymous Symbol]                       0x00003adc   Section        0  ti_msp_dl_config.o(.rodata.gPWM_0ClockConfig)
    gPWM_0Config                             0x00003ae0   Data           8  ti_msp_dl_config.o(.rodata.gPWM_0Config)
    [Anonymous Symbol]                       0x00003ae0   Section        0  ti_msp_dl_config.o(.rodata.gPWM_0Config)
    gSPI_Flash_clockConfig                   0x00003ae8   Data           2  ti_msp_dl_config.o(.rodata.gSPI_Flash_clockConfig)
    [Anonymous Symbol]                       0x00003ae8   Section        0  ti_msp_dl_config.o(.rodata.gSPI_Flash_clockConfig)
    gSPI_Flash_config                        0x00003aea   Data          10  ti_msp_dl_config.o(.rodata.gSPI_Flash_config)
    [Anonymous Symbol]                       0x00003aea   Section        0  ti_msp_dl_config.o(.rodata.gSPI_Flash_config)
    gSPI_OLED_clockConfig                    0x00003af4   Data           2  ti_msp_dl_config.o(.rodata.gSPI_OLED_clockConfig)
    [Anonymous Symbol]                       0x00003af4   Section        0  ti_msp_dl_config.o(.rodata.gSPI_OLED_clockConfig)
    gSPI_OLED_config                         0x00003af6   Data          10  ti_msp_dl_config.o(.rodata.gSPI_OLED_config)
    [Anonymous Symbol]                       0x00003af6   Section        0  ti_msp_dl_config.o(.rodata.gSPI_OLED_config)
    gSYSPLLConfig                            0x00003b00   Data          40  ti_msp_dl_config.o(.rodata.gSYSPLLConfig)
    [Anonymous Symbol]                       0x00003b00   Section        0  ti_msp_dl_config.o(.rodata.gSYSPLLConfig)
    gUART_0ClockConfig                       0x00003b28   Data           2  ti_msp_dl_config.o(.rodata.gUART_0ClockConfig)
    [Anonymous Symbol]                       0x00003b28   Section        0  ti_msp_dl_config.o(.rodata.gUART_0ClockConfig)
    gUART_0Config                            0x00003b2a   Data          10  ti_msp_dl_config.o(.rodata.gUART_0Config)
    [Anonymous Symbol]                       0x00003b2a   Section        0  ti_msp_dl_config.o(.rodata.gUART_0Config)
    [Anonymous Symbol]                       0x00003b34   Section        0  main.o(.rodata.str1.1)
    DL_FlashCTL_executeCommandFromRAM        0x20200001   Thumb Code    60  dl_flashctl.o(.ramfunc)
    [Anonymous Symbol]                       0x20200000   Section        0  dl_flashctl.o(.ramfunc)
    __arm_cp.2_0                             0x2020003c   Number         4  dl_flashctl.o(.ramfunc)
    .data                                    0x20200040   Section        4  stdout.o(.data)
    .data                                    0x20200044   Section        4  mvars.o(.data)
    .data                                    0x20200048   Section        4  mvars.o(.data)
    nowSize                                  0x20200058   Data           2  commandline.o(.data.nowSize)
    [Anonymous Symbol]                       0x20200058   Section        0  commandline.o(.data.nowSize)
    CommandLine                              0x20200064   Data           4  commandline.o(.bss.CommandLine)
    [Anonymous Symbol]                       0x20200064   Section        0  commandline.o(.bss.CommandLine)
    Wcnt                                     0x20200588   Data           2  commandline.o(.bss.Wcnt)
    [Anonymous Symbol]                       0x20200588   Section        0  commandline.o(.bss.Wcnt)
    HEAP                                     0x202006a0   Section     8264  startup_mspm0g3507_uvision.o(HEAP)
    STACK                                    0x202026e8   Section    16534  startup_mspm0g3507_uvision.o(STACK)

    Global Symbols

    Symbol Name                              Value     Ov Type        Size  Object(Section)

    BuildAttributes$$THM_ISAv3M$S$PE$A:L22$X:L11$S22$IEEE1$IW$~IW$USESV6$~STKCKD$USESV7$~SHL$OTIME$ROPI$EBA8$MICROLIB$REQ8$PRES8$EABIv2 0x00000000   Number         0  anon$$obj.o ABSOLUTE
    __Vectors                                0x00000000   Data           4  startup_mspm0g3507_uvision.o(RESET)
    _printf_a                                0x00000000   Number         0  printfstubs.o ABSOLUTE
    _printf_c                                0x00000000   Number         0  printfstubs.o ABSOLUTE
    _printf_charcount                        0x00000000   Number         0  printfstubs.o ABSOLUTE
    _printf_d                                0x00000000   Number         0  printfstubs.o ABSOLUTE
    _printf_e                                0x00000000   Number         0  printfstubs.o ABSOLUTE
    _printf_f                                0x00000000   Number         0  printfstubs.o ABSOLUTE
    _printf_flags                            0x00000000   Number         0  printfstubs.o ABSOLUTE
    _printf_fp_dec                           0x00000000   Number         0  printfstubs.o ABSOLUTE
    _printf_fp_hex                           0x00000000   Number         0  printfstubs.o ABSOLUTE
    _printf_g                                0x00000000   Number         0  printfstubs.o ABSOLUTE
    _printf_i                                0x00000000   Number         0  printfstubs.o ABSOLUTE
    _printf_int_dec                          0x00000000   Number         0  printfstubs.o ABSOLUTE
    _printf_l                                0x00000000   Number         0  printfstubs.o ABSOLUTE
    _printf_lc                               0x00000000   Number         0  printfstubs.o ABSOLUTE
    _printf_ll                               0x00000000   Number         0  printfstubs.o ABSOLUTE
    _printf_lld                              0x00000000   Number         0  printfstubs.o ABSOLUTE
    _printf_lli                              0x00000000   Number         0  printfstubs.o ABSOLUTE
    _printf_llo                              0x00000000   Number         0  printfstubs.o ABSOLUTE
    _printf_llu                              0x00000000   Number         0  printfstubs.o ABSOLUTE
    _printf_llx                              0x00000000   Number         0  printfstubs.o ABSOLUTE
    _printf_longlong_dec                     0x00000000   Number         0  printfstubs.o ABSOLUTE
    _printf_longlong_hex                     0x00000000   Number         0  printfstubs.o ABSOLUTE
    _printf_longlong_oct                     0x00000000   Number         0  printfstubs.o ABSOLUTE
    _printf_ls                               0x00000000   Number         0  printfstubs.o ABSOLUTE
    _printf_mbtowc                           0x00000000   Number         0  printfstubs.o ABSOLUTE
    _printf_n                                0x00000000   Number         0  printfstubs.o ABSOLUTE
    _printf_o                                0x00000000   Number         0  printfstubs.o ABSOLUTE
    _printf_p                                0x00000000   Number         0  printfstubs.o ABSOLUTE
    _printf_percent                          0x00000000   Number         0  printfstubs.o ABSOLUTE
    _printf_pre_padding                      0x00000000   Number         0  printfstubs.o ABSOLUTE
    _printf_return_value                     0x00000000   Number         0  printfstubs.o ABSOLUTE
    _printf_s                                0x00000000   Number         0  printfstubs.o ABSOLUTE
    _printf_sizespec                         0x00000000   Number         0  printfstubs.o ABSOLUTE
    _printf_str                              0x00000000   Number         0  printfstubs.o ABSOLUTE
    _printf_truncate_signed                  0x00000000   Number         0  printfstubs.o ABSOLUTE
    _printf_truncate_unsigned                0x00000000   Number         0  printfstubs.o ABSOLUTE
    _printf_u                                0x00000000   Number         0  printfstubs.o ABSOLUTE
    _printf_wc                               0x00000000   Number         0  printfstubs.o ABSOLUTE
    _printf_wctomb                           0x00000000   Number         0  printfstubs.o ABSOLUTE
    _printf_widthprec                        0x00000000   Number         0  printfstubs.o ABSOLUTE
    _printf_x                                0x00000000   Number         0  printfstubs.o ABSOLUTE
    __cpp_initialize__aeabi_                  - Undefined Weak Reference
    __cxa_finalize                            - Undefined Weak Reference
    __decompress                              - Undefined Weak Reference
    _clock_init                               - Undefined Weak Reference
    _microlib_exit                            - Undefined Weak Reference
    __Vectors_End                            0x000000c0   Data           0  startup_mspm0g3507_uvision.o(RESET)
    __Vectors_Size                           0x000000c0   Number         0  startup_mspm0g3507_uvision.o ABSOLUTE
    __main                                   0x000000c1   Thumb Code     0  entry.o(.ARM.Collect$$$$00000000)
    _main_stk                                0x000000c1   Thumb Code     0  entry2.o(.ARM.Collect$$$$00000001)
    _main_scatterload                        0x000000c5   Thumb Code     0  entry5.o(.ARM.Collect$$$$00000004)
    __main_after_scatterload                 0x000000c9   Thumb Code     0  entry5.o(.ARM.Collect$$$$00000004)
    _main_clock                              0x000000c9   Thumb Code     0  entry7b.o(.ARM.Collect$$$$00000008)
    _main_cpp_init                           0x000000c9   Thumb Code     0  entry8b.o(.ARM.Collect$$$$0000000A)
    _main_init                               0x000000c9   Thumb Code     0  entry9a.o(.ARM.Collect$$$$0000000B)
    __rt_final_cpp                           0x000000d1   Thumb Code     0  entry10a.o(.ARM.Collect$$$$0000000D)
    __rt_final_exit                          0x000000d1   Thumb Code     0  entry11a.o(.ARM.Collect$$$$0000000F)
    Reset_Handler                            0x000000d5   Thumb Code     4  startup_mspm0g3507_uvision.o(.text)
    NMI_Handler                              0x000000d9   Thumb Code     2  startup_mspm0g3507_uvision.o(.text)
    HardFault_Handler                        0x000000db   Thumb Code     2  startup_mspm0g3507_uvision.o(.text)
    SVC_Handler                              0x000000dd   Thumb Code     2  startup_mspm0g3507_uvision.o(.text)
    PendSV_Handler                           0x000000df   Thumb Code     2  startup_mspm0g3507_uvision.o(.text)
    SysTick_Handler                          0x000000e1   Thumb Code     2  startup_mspm0g3507_uvision.o(.text)
    ADC0_IRQHandler                          0x000000e3   Thumb Code     0  startup_mspm0g3507_uvision.o(.text)
    ADC1_IRQHandler                          0x000000e3   Thumb Code     0  startup_mspm0g3507_uvision.o(.text)
    AES_IRQHandler                           0x000000e3   Thumb Code     0  startup_mspm0g3507_uvision.o(.text)
    CANFD0_IRQHandler                        0x000000e3   Thumb Code     0  startup_mspm0g3507_uvision.o(.text)
    DAC0_IRQHandler                          0x000000e3   Thumb Code     0  startup_mspm0g3507_uvision.o(.text)
    DMA_IRQHandler                           0x000000e3   Thumb Code     0  startup_mspm0g3507_uvision.o(.text)
    Default_Handler                          0x000000e3   Thumb Code     2  startup_mspm0g3507_uvision.o(.text)
    GROUP0_IRQHandler                        0x000000e3   Thumb Code     0  startup_mspm0g3507_uvision.o(.text)
    GROUP1_IRQHandler                        0x000000e3   Thumb Code     0  startup_mspm0g3507_uvision.o(.text)
    I2C0_IRQHandler                          0x000000e3   Thumb Code     0  startup_mspm0g3507_uvision.o(.text)
    I2C1_IRQHandler                          0x000000e3   Thumb Code     0  startup_mspm0g3507_uvision.o(.text)
    RTC_IRQHandler                           0x000000e3   Thumb Code     0  startup_mspm0g3507_uvision.o(.text)
    SPI0_IRQHandler                          0x000000e3   Thumb Code     0  startup_mspm0g3507_uvision.o(.text)
    SPI1_IRQHandler                          0x000000e3   Thumb Code     0  startup_mspm0g3507_uvision.o(.text)
    TIMA0_IRQHandler                         0x000000e3   Thumb Code     0  startup_mspm0g3507_uvision.o(.text)
    TIMA1_IRQHandler                         0x000000e3   Thumb Code     0  startup_mspm0g3507_uvision.o(.text)
    TIMG0_IRQHandler                         0x000000e3   Thumb Code     0  startup_mspm0g3507_uvision.o(.text)
    TIMG12_IRQHandler                        0x000000e3   Thumb Code     0  startup_mspm0g3507_uvision.o(.text)
    TIMG6_IRQHandler                         0x000000e3   Thumb Code     0  startup_mspm0g3507_uvision.o(.text)
    TIMG7_IRQHandler                         0x000000e3   Thumb Code     0  startup_mspm0g3507_uvision.o(.text)
    TIMG8_IRQHandler                         0x000000e3   Thumb Code     0  startup_mspm0g3507_uvision.o(.text)
    UART1_IRQHandler                         0x000000e3   Thumb Code     0  startup_mspm0g3507_uvision.o(.text)
    UART2_IRQHandler                         0x000000e3   Thumb Code     0  startup_mspm0g3507_uvision.o(.text)
    UART3_IRQHandler                         0x000000e3   Thumb Code     0  startup_mspm0g3507_uvision.o(.text)
    __aeabi_memcpy                           0x000000e9   Thumb Code    36  memcpya.o(.text)
    __aeabi_memcpy4                          0x000000e9   Thumb Code     0  memcpya.o(.text)
    __aeabi_memcpy8                          0x000000e9   Thumb Code     0  memcpya.o(.text)
    __aeabi_memset                           0x0000010d   Thumb Code    14  memseta.o(.text)
    __aeabi_memset4                          0x0000010d   Thumb Code     0  memseta.o(.text)
    __aeabi_memset8                          0x0000010d   Thumb Code     0  memseta.o(.text)
    __aeabi_memclr                           0x0000011b   Thumb Code     4  memseta.o(.text)
    __aeabi_memclr4                          0x0000011b   Thumb Code     0  memseta.o(.text)
    __aeabi_memclr8                          0x0000011b   Thumb Code     0  memseta.o(.text)
    _memset$wrapper                          0x0000011f   Thumb Code    18  memseta.o(.text)
    strchr                                   0x00000131   Thumb Code    20  strchr.o(.text)
    strlen                                   0x00000145   Thumb Code    14  strlen.o(.text)
    calloc                                   0x00000153   Thumb Code    28  calloc.o(.text)
    __aeabi_uidiv                            0x0000016f   Thumb Code     0  uidiv_div0.o(.text)
    __aeabi_uidivmod                         0x0000016f   Thumb Code    62  uidiv_div0.o(.text)
    __scatterload                            0x000001b1   Thumb Code    38  init.o(.text)
    __scatterload_rt2                        0x000001b1   Thumb Code     0  init.o(.text)
    AnalyseCmd                               0x000001e1   Thumb Code   110  commandline.o(.text.AnalyseCmd)
    BeepUp                                   0x00000251   Thumb Code    88  musicplayer.o(.text.BeepUp)
    CommandLineON                            0x000002b5   Thumb Code    16  commandline.o(.text.CommandLineON)
    DL_ADC12_setClockConfig                  0x000002c9   Thumb Code    56  dl_adc12.o(.text.DL_ADC12_setClockConfig)
    DL_Common_delayCycles                    0x00000309   Thumb Code    10  dl_common.o(.text.DL_Common_delayCycles)
    DL_DMA_initChannel                       0x00000315   Thumb Code    64  dl_dma.o(.text.DL_DMA_initChannel)
    DL_FlashCTL_eraseMemoryFromRAM           0x00000359   Thumb Code    20  dl_flashctl.o(.text.DL_FlashCTL_eraseMemoryFromRAM)
    DL_FlashCTL_programMemoryBlockingFromRAM64WithECCGenerated 0x0000036d   Thumb Code    92  dl_flashctl.o(.text.DL_FlashCTL_programMemoryBlockingFromRAM64WithECCGenerated)
    DL_FlashCTL_programMemoryFromRAM64       0x000003c9   Thumb Code    32  dl_flashctl.o(.text.DL_FlashCTL_programMemoryFromRAM64)
    DL_FlashCTL_programMemoryFromRAM64WithECCGenerated 0x000003e9   Thumb Code    32  dl_flashctl.o(.text.DL_FlashCTL_programMemoryFromRAM64WithECCGenerated)
    DL_FlashCTL_unprotectSector              0x00000411   Thumb Code   208  dl_flashctl.o(.text.DL_FlashCTL_unprotectSector)
    DL_SPI_init                              0x000004ed   Thumb Code    60  dl_spi.o(.text.DL_SPI_init)
    DL_SPI_setClockConfig                    0x00000531   Thumb Code    18  dl_spi.o(.text.DL_SPI_setClockConfig)
    DL_SYSCTL_configSYSPLL                   0x00000545   Thumb Code   220  dl_sysctl_mspm0g1x0x_g3x0x.o(.text.DL_SYSCTL_configSYSPLL)
    DL_SYSCTL_switchMCLKfromSYSOSCtoHSCLK    0x00000631   Thumb Code    72  dl_sysctl_mspm0g1x0x_g3x0x.o(.text.DL_SYSCTL_switchMCLKfromSYSOSCtoHSCLK)
    DL_TimerA_initPWMMode                    0x00000681   Thumb Code   108  dl_timer.o(.text.DL_TimerA_initPWMMode)
    DL_Timer_initPWMMode                     0x000006f1   Thumb Code   172  dl_timer.o(.text.DL_Timer_initPWMMode)
    DL_Timer_setCaptCompUpdateMethod         0x000007b9   Thumb Code    24  dl_timer.o(.text.DL_Timer_setCaptCompUpdateMethod)
    DL_Timer_setCaptureCompareOutCtl         0x000007d5   Thumb Code    20  dl_timer.o(.text.DL_Timer_setCaptureCompareOutCtl)
    DL_Timer_setCaptureCompareValue          0x000007ed   Thumb Code    12  dl_timer.o(.text.DL_Timer_setCaptureCompareValue)
    DL_Timer_setClockConfig                  0x000007fd   Thumb Code    24  dl_timer.o(.text.DL_Timer_setClockConfig)
    DL_UART_init                             0x00000819   Thumb Code    64  dl_uart.o(.text.DL_UART_init)
    DL_UART_receiveDataBlocking              0x00000861   Thumb Code    36  dl_uart.o(.text.DL_UART_receiveDataBlocking)
    DL_UART_setClockConfig                   0x00000885   Thumb Code    18  dl_uart.o(.text.DL_UART_setClockConfig)
    DL_UART_transmitDataBlocking             0x00000899   Thumb Code    32  dl_uart.o(.text.DL_UART_transmitDataBlocking)
    EEPROM_TypeA_init                        0x000008bd   Thumb Code   244  eeprom_emulation_type_a.o(.text.EEPROM_TypeA_init)
    EEPROM_TypeA_repairFormat                0x000009b9   Thumb Code   280  eeprom_emulation_type_a.o(.text.EEPROM_TypeA_repairFormat)
    EEPROM_TypeA_searchCheck                 0x00000ad9   Thumb Code   552  eeprom_emulation_type_a.o(.text.EEPROM_TypeA_searchCheck)
    KeySCInput                               0x00000d1d   Thumb Code   512  keyboard.o(.text.KeySCInput)
    Keyboard_init                            0x00000f21   Thumb Code    24  keyboard.o(.text.Keyboard_init)
    MusicPlayer_init                         0x00000f3d   Thumb Code    36  musicplayer.o(.text.MusicPlayer_init)
    OLED_Clear                               0x00000f71   Thumb Code   328  oled_spi_v0.2.o(.text.OLED_Clear)
    OLED_DrawBMP                             0x000010bd   Thumb Code   484  oled_spi_v0.2.o(.text.OLED_DrawBMP)
    OLED_Init                                0x000012a1   Thumb Code  1828  oled_spi_v0.2.o(.text.OLED_Init)
    OLED_ShowChar                            0x000019c5   Thumb Code   552  oled_spi_v0.2.o(.text.OLED_ShowChar)
    OLED_ShowNum                             0x00001bf9   Thumb Code   220  oled_spi_v0.2.o(.text.OLED_ShowNum)
    OLED_ShowString                          0x00001cd9   Thumb Code    70  oled_spi_v0.2.o(.text.OLED_ShowString)
    SYSCFG_DL_ADC12_0_init                   0x00001d21   Thumb Code    80  ti_msp_dl_config.o(.text.SYSCFG_DL_ADC12_0_init)
    SYSCFG_DL_ADC12_1_init                   0x00001d7d   Thumb Code    96  ti_msp_dl_config.o(.text.SYSCFG_DL_ADC12_1_init)
    SYSCFG_DL_DMA_CH0_init                   0x00001df5   Thumb Code    16  ti_msp_dl_config.o(.text.SYSCFG_DL_DMA_CH0_init)
    SYSCFG_DL_DMA_CH1_init                   0x00001e09   Thumb Code    16  ti_msp_dl_config.o(.text.SYSCFG_DL_DMA_CH1_init)
    SYSCFG_DL_DMA_init                       0x00001e21   Thumb Code    12  ti_msp_dl_config.o(.text.SYSCFG_DL_DMA_init)
    SYSCFG_DL_GPIO_init                      0x00001e2d   Thumb Code    96  ti_msp_dl_config.o(.text.SYSCFG_DL_GPIO_init)
    SYSCFG_DL_PWM_0_init                     0x00001ea5   Thumb Code   136  ti_msp_dl_config.o(.text.SYSCFG_DL_PWM_0_init)
    SYSCFG_DL_SPI_Flash_init                 0x00001f41   Thumb Code    56  ti_msp_dl_config.o(.text.SYSCFG_DL_SPI_Flash_init)
    SYSCFG_DL_SPI_OLED_init                  0x00001f89   Thumb Code    56  ti_msp_dl_config.o(.text.SYSCFG_DL_SPI_OLED_init)
    SYSCFG_DL_SYSCTL_init                    0x00001fd5   Thumb Code    88  ti_msp_dl_config.o(.text.SYSCFG_DL_SYSCTL_init)
    SYSCFG_DL_SYSTICK_init                   0x00002039   Thumb Code    24  ti_msp_dl_config.o(.text.SYSCFG_DL_SYSTICK_init)
    SYSCFG_DL_UART_0_init                    0x00002059   Thumb Code   120  ti_msp_dl_config.o(.text.SYSCFG_DL_UART_0_init)
    SYSCFG_DL_init                           0x000020e5   Thumb Code    68  ti_msp_dl_config.o(.text.SYSCFG_DL_init)
    SYSCFG_DL_initPower                      0x00002135   Thumb Code    80  ti_msp_dl_config.o(.text.SYSCFG_DL_initPower)
    UART0_IRQHandler                         0x000021b1   Thumb Code    44  main.o(.text.UART0_IRQHandler)
    UART_init                                0x000021e1   Thumb Code    16  uart.o(.text.UART_init)
    embedding                                0x000021f9   Thumb Code   172  commandline.o(.text.embedding)
    fputc                                    0x000022b1   Thumb Code    16  uart.o(.text.fputc)
    main                                     0x000022c5   Thumb Code   496  main.o(.text.main)
    playMusic                                0x00002509   Thumb Code   108  musicplayer.o(.text.playMusic)
    __0printf$1                              0x0000258d   Thumb Code    24  printf1.o(i.__0printf$1)
    __1printf$1                              0x0000258d   Thumb Code     0  printf1.o(i.__0printf$1)
    __2printf                                0x0000258d   Thumb Code     0  printf1.o(i.__0printf$1)
    __scatterload_copy                       0x000025b1   Thumb Code    14  handlers.o(i.__scatterload_copy)
    __scatterload_null                       0x000025c1   Thumb Code     2  handlers.o(i.__scatterload_null)
    __scatterload_zeroinit                   0x000025c9   Thumb Code    14  handlers.o(i.__scatterload_zeroinit)
    free                                     0x00002729   Thumb Code    80  malloc.o(i.free)
    malloc                                   0x0000277d   Thumb Code    92  malloc.o(i.malloc)
    putchar                                  0x000027e9   Thumb Code    10  putchar.o(i.putchar)
    F6x8                                     0x00002803   Data         552  oled_spi_v0.2.o(.rodata.F6x8)
    FunkyStar                                0x00002a2c   Data         304  main.o(.rodata.FunkyStar)
    Genshin                                  0x00002b5c   Data         880  main.o(.rodata.Genshin)
    KAMI                                     0x00002ecc   Data         456  main.o(.rodata.KAMI)
    MEGALOVANIA                              0x00003094   Data         828  main.o(.rodata.MEGALOVANIA)
    NightOfNights                            0x000033d0   Data         384  main.o(.rodata.NightOfNights)
    Sakura                                   0x00003550   Data         980  main.o(.rodata.Sakura)
    SkyWeakness                              0x00003924   Data         376  main.o(.rodata.SkyWeakness)
    Region$$Table$$Base                      0x00003b50   Number         0  anon$$obj.o(Region$$Table)
    Region$$Table$$Limit                     0x00003b80   Number         0  anon$$obj.o(Region$$Table)
    __stdout                                 0x20200040   Data           4  stdout.o(.data)
    __microlib_freelist                      0x20200044   Data           4  mvars.o(.data)
    __microlib_freelist_initialised          0x20200048   Data           4  mvars.o(.data)
    gActiveRecordAddress                     0x2020004c   Data           4  eeprom_emulation_type_a.o(.data.gActiveRecordAddress)
    gActiveSectorNum                         0x20200050   Data           2  eeprom_emulation_type_a.o(.data.gActiveSectorNum)
    gNextRecordAddress                       0x20200054   Data           4  eeprom_emulation_type_a.o(.data.gNextRecordAddress)
    Cmd                                      0x20200060   Data           2  main.o(.bss.Cmd)
    EEPROMEmulationBuffer                    0x20200068   Data         248  main.o(.bss.EEPROMEmulationBuffer)
    EEPROMEmulationState                     0x20200160   Data           4  main.o(.bss.EEPROMEmulationState)
    InCTL                                    0x20200164   Data           1  main.o(.bss.InCTL)
    OLED_GRAM                                0x20200168   Data        1040  oled_spi_v0.2.o(.bss.OLED_GRAM)
    TxMsg                                    0x20200578   Data          16  main.o(.bss.TxMsg)
    gActiveRecordNum                         0x2020058a   Data           2  eeprom_emulation_type_a.o(.bss.gActiveRecordNum)
    gEEPROMTypeAFormatErrorFlag              0x2020058c   Data           1  eeprom_emulation_type_a.o(.bss.gEEPROMTypeAFormatErrorFlag)
    gEEPROMTypeASearchFlag                   0x2020058d   Data           1  eeprom_emulation_type_a.o(.bss.gEEPROMTypeASearchFlag)
    gPWM_0Backup                             0x20200590   Data         188  ti_msp_dl_config.o(.bss.gPWM_0Backup)
    gSPI_FlashBackup                         0x2020064c   Data          40  ti_msp_dl_config.o(.bss.gSPI_FlashBackup)
    gSPI_OLEDBackup                          0x20200674   Data          40  ti_msp_dl_config.o(.bss.gSPI_OLEDBackup)
    key_value                                0x2020069c   Data           1  main.o(.bss.key_value)
    __heap_base                              0x202006a0   Data           0  startup_mspm0g3507_uvision.o(HEAP)
    __heap_limit                             0x202026e8   Data           0  startup_mspm0g3507_uvision.o(HEAP)
    __initial_sp                             0x2020677e   Data           0  startup_mspm0g3507_uvision.o(STACK)



==============================================================================

Memory Map of the image

  Image Entry point : 0x000000c1

  Load Region LR_IROM1 (Base: 0x00000000, Size: 0x00003be0, Max: 0x00020000, ABSOLUTE)

    Execution Region ER_IROM1 (Exec base: 0x00000000, Load base: 0x00000000, Size: 0x00003b80, Max: 0x00020000, ABSOLUTE)

    Exec Addr    Load Addr    Size         Type   Attr      Idx    E Section Name        Object

    0x00000000   0x00000000   0x000000c0   Data   RO          247    RESET               startup_mspm0g3507_uvision.o
    0x000000c0   0x000000c0   0x00000000   Code   RO         1005  * .ARM.Collect$$$$00000000  mc_p.l(entry.o)
    0x000000c0   0x000000c0   0x00000004   Code   RO         1317    .ARM.Collect$$$$00000001  mc_p.l(entry2.o)
    0x000000c4   0x000000c4   0x00000004   Code   RO         1320    .ARM.Collect$$$$00000004  mc_p.l(entry5.o)
    0x000000c8   0x000000c8   0x00000000   Code   RO         1322    .ARM.Collect$$$$00000008  mc_p.l(entry7b.o)
    0x000000c8   0x000000c8   0x00000000   Code   RO         1324    .ARM.Collect$$$$0000000A  mc_p.l(entry8b.o)
    0x000000c8   0x000000c8   0x00000008   Code   RO         1325    .ARM.Collect$$$$0000000B  mc_p.l(entry9a.o)
    0x000000d0   0x000000d0   0x00000000   Code   RO         1327    .ARM.Collect$$$$0000000D  mc_p.l(entry10a.o)
    0x000000d0   0x000000d0   0x00000000   Code   RO         1329    .ARM.Collect$$$$0000000F  mc_p.l(entry11a.o)
    0x000000d0   0x000000d0   0x00000004   Code   RO         1318    .ARM.Collect$$$$00002712  mc_p.l(entry2.o)
    0x000000d4   0x000000d4   0x00000014   Code   RO          248    .text               startup_mspm0g3507_uvision.o
    0x000000e8   0x000000e8   0x00000024   Code   RO         1016    .text               mc_p.l(memcpya.o)
    0x0000010c   0x0000010c   0x00000024   Code   RO         1018    .text               mc_p.l(memseta.o)
    0x00000130   0x00000130   0x00000014   Code   RO         1020    .text               mc_p.l(strchr.o)
    0x00000144   0x00000144   0x0000000e   Code   RO         1022    .text               mc_p.l(strlen.o)
    0x00000152   0x00000152   0x0000001c   Code   RO         1315    .text               mc_p.l(calloc.o)
    0x0000016e   0x0000016e   0x0000003e   Code   RO         1336    .text               mc_p.l(uidiv_div0.o)
    0x000001ac   0x000001ac   0x00000004   PAD
    0x000001b0   0x000001b0   0x00000030   Code   RO         1357    .text               mc_p.l(init.o)
    0x000001e0   0x000001e0   0x0000006e   Code   RO          149    .text.AnalyseCmd    commandline.o
    0x0000024e   0x0000024e   0x00000002   PAD
    0x00000250   0x00000250   0x00000064   Code   RO          178    .text.BeepUp        musicplayer.o
    0x000002b4   0x000002b4   0x00000014   Code   RO          145    .text.CommandLineON  commandline.o
    0x000002c8   0x000002c8   0x00000040   Code   RO          255    .text.DL_ADC12_setClockConfig  dl_adc12.o
    0x00000308   0x00000308   0x0000000a   Code   RO          303    .text.DL_Common_delayCycles  dl_common.o
    0x00000312   0x00000312   0x00000002   PAD
    0x00000314   0x00000314   0x00000044   Code   RO          347    .text.DL_DMA_initChannel  dl_dma.o
    0x00000358   0x00000358   0x00000014   Code   RO          359    .text.DL_FlashCTL_eraseMemoryFromRAM  dl_flashctl.o
    0x0000036c   0x0000036c   0x0000005c   Code   RO          437    .text.DL_FlashCTL_programMemoryBlockingFromRAM64WithECCGenerated  dl_flashctl.o
    0x000003c8   0x000003c8   0x00000020   Code   RO          399    .text.DL_FlashCTL_programMemoryFromRAM64  dl_flashctl.o
    0x000003e8   0x000003e8   0x00000028   Code   RO          415    .text.DL_FlashCTL_programMemoryFromRAM64WithECCGenerated  dl_flashctl.o
    0x00000410   0x00000410   0x000000dc   Code   RO          435    .text.DL_FlashCTL_unprotectSector  dl_flashctl.o
    0x000004ec   0x000004ec   0x00000044   Code   RO          758    .text.DL_SPI_init   dl_spi.o
    0x00000530   0x00000530   0x00000012   Code   RO          760    .text.DL_SPI_setClockConfig  dl_spi.o
    0x00000542   0x00000542   0x00000002   PAD
    0x00000544   0x00000544   0x000000ec   Code   RO          974    .text.DL_SYSCTL_configSYSPLL  dl_sysctl_mspm0g1x0x_g3x0x.o
    0x00000630   0x00000630   0x00000050   Code   RO          982    .text.DL_SYSCTL_switchMCLKfromSYSOSCtoHSCLK  dl_sysctl_mspm0g1x0x_g3x0x.o
    0x00000680   0x00000680   0x00000070   Code   RO          874    .text.DL_TimerA_initPWMMode  dl_timer.o
    0x000006f0   0x000006f0   0x000000c8   Code   RO          834    .text.DL_Timer_initPWMMode  dl_timer.o
    0x000007b8   0x000007b8   0x0000001c   Code   RO          848    .text.DL_Timer_setCaptCompUpdateMethod  dl_timer.o
    0x000007d4   0x000007d4   0x00000018   Code   RO          838    .text.DL_Timer_setCaptureCompareOutCtl  dl_timer.o
    0x000007ec   0x000007ec   0x00000010   Code   RO          818    .text.DL_Timer_setCaptureCompareValue  dl_timer.o
    0x000007fc   0x000007fc   0x0000001c   Code   RO          812    .text.DL_Timer_setClockConfig  dl_timer.o
    0x00000818   0x00000818   0x00000048   Code   RO          907    .text.DL_UART_init  dl_uart.o
    0x00000860   0x00000860   0x00000024   Code   RO          919    .text.DL_UART_receiveDataBlocking  dl_uart.o
    0x00000884   0x00000884   0x00000012   Code   RO          909    .text.DL_UART_setClockConfig  dl_uart.o
    0x00000896   0x00000896   0x00000002   PAD
    0x00000898   0x00000898   0x00000024   Code   RO          921    .text.DL_UART_transmitDataBlocking  dl_uart.o
    0x000008bc   0x000008bc   0x000000fc   Code   RO          100    .text.EEPROM_TypeA_init  eeprom_emulation_type_a.o
    0x000009b8   0x000009b8   0x00000120   Code   RO          106    .text.EEPROM_TypeA_repairFormat  eeprom_emulation_type_a.o
    0x00000ad8   0x00000ad8   0x00000244   Code   RO          102    .text.EEPROM_TypeA_searchCheck  eeprom_emulation_type_a.o
    0x00000d1c   0x00000d1c   0x00000204   Code   RO           88    .text.KeySCInput    keyboard.o
    0x00000f20   0x00000f20   0x0000001c   Code   RO           86    .text.Keyboard_init  keyboard.o
    0x00000f3c   0x00000f3c   0x00000034   Code   RO          164    .text.MusicPlayer_init  musicplayer.o
    0x00000f70   0x00000f70   0x0000014c   Code   RO           44    .text.OLED_Clear    oled_spi_v0.2.o
    0x000010bc   0x000010bc   0x000001e4   Code   RO           58    .text.OLED_DrawBMP  oled_spi_v0.2.o
    0x000012a0   0x000012a0   0x00000724   Code   RO           72    .text.OLED_Init     oled_spi_v0.2.o
    0x000019c4   0x000019c4   0x00000234   Code   RO           46    .text.OLED_ShowChar  oled_spi_v0.2.o
    0x00001bf8   0x00001bf8   0x000000e0   Code   RO           50    .text.OLED_ShowNum  oled_spi_v0.2.o
    0x00001cd8   0x00001cd8   0x00000046   Code   RO           54    .text.OLED_ShowString  oled_spi_v0.2.o
    0x00001d1e   0x00001d1e   0x00000002   PAD
    0x00001d20   0x00001d20   0x0000005c   Code   RO          206    .text.SYSCFG_DL_ADC12_0_init  ti_msp_dl_config.o
    0x00001d7c   0x00001d7c   0x00000078   Code   RO          208    .text.SYSCFG_DL_ADC12_1_init  ti_msp_dl_config.o
    0x00001df4   0x00001df4   0x00000014   Code   RO          218    .text.SYSCFG_DL_DMA_CH0_init  ti_msp_dl_config.o
    0x00001e08   0x00001e08   0x00000018   Code   RO          220    .text.SYSCFG_DL_DMA_CH1_init  ti_msp_dl_config.o
    0x00001e20   0x00001e20   0x0000000c   Code   RO          210    .text.SYSCFG_DL_DMA_init  ti_msp_dl_config.o
    0x00001e2c   0x00001e2c   0x00000078   Code   RO          194    .text.SYSCFG_DL_GPIO_init  ti_msp_dl_config.o
    0x00001ea4   0x00001ea4   0x0000009c   Code   RO          198    .text.SYSCFG_DL_PWM_0_init  ti_msp_dl_config.o
    0x00001f40   0x00001f40   0x00000048   Code   RO          204    .text.SYSCFG_DL_SPI_Flash_init  ti_msp_dl_config.o
    0x00001f88   0x00001f88   0x0000004c   Code   RO          202    .text.SYSCFG_DL_SPI_OLED_init  ti_msp_dl_config.o
    0x00001fd4   0x00001fd4   0x00000064   Code   RO          196    .text.SYSCFG_DL_SYSCTL_init  ti_msp_dl_config.o
    0x00002038   0x00002038   0x00000020   Code   RO          212    .text.SYSCFG_DL_SYSTICK_init  ti_msp_dl_config.o
    0x00002058   0x00002058   0x0000008c   Code   RO          200    .text.SYSCFG_DL_UART_0_init  ti_msp_dl_config.o
    0x000020e4   0x000020e4   0x00000050   Code   RO          190    .text.SYSCFG_DL_init  ti_msp_dl_config.o
    0x00002134   0x00002134   0x0000007c   Code   RO          192    .text.SYSCFG_DL_initPower  ti_msp_dl_config.o
    0x000021b0   0x000021b0   0x00000030   Code   RO           10    .text.UART0_IRQHandler  main.o
    0x000021e0   0x000021e0   0x00000018   Code   RO          129    .text.UART_init     uart.o
    0x000021f8   0x000021f8   0x000000b8   Code   RO          151    .text.embedding     commandline.o
    0x000022b0   0x000022b0   0x00000014   Code   RO          135    .text.fputc         uart.o
    0x000022c4   0x000022c4   0x00000244   Code   RO            2    .text.main          main.o
    0x00002508   0x00002508   0x00000078   Code   RO          170    .text.playMusic     musicplayer.o
    0x00002580   0x00002580   0x0000000c   Ven    RO         1377    Veneer$$Code        anon$$obj.o
    0x0000258c   0x0000258c   0x00000020   Code   RO         1071    i.__0printf$1       mc_p.l(printf1.o)
    0x000025ac   0x000025ac   0x00000004   PAD
    0x000025b0   0x000025b0   0x0000000e   Code   RO         1371    i.__scatterload_copy  mc_p.l(handlers.o)
    0x000025be   0x000025be   0x00000002   PAD
    0x000025c0   0x000025c0   0x00000002   Code   RO         1372    i.__scatterload_null  mc_p.l(handlers.o)
    0x000025c2   0x000025c2   0x00000006   PAD
    0x000025c8   0x000025c8   0x0000000e   Code   RO         1373    i.__scatterload_zeroinit  mc_p.l(handlers.o)
    0x000025d6   0x000025d6   0x00000002   PAD
    0x000025d8   0x000025d8   0x00000150   Code   RO         1078    i._printf_core      mc_p.l(printf1.o)
    0x00002728   0x00002728   0x00000054   Code   RO         1287    i.free              mc_p.l(malloc.o)
    0x0000277c   0x0000277c   0x0000006c   Code   RO         1288    i.malloc            mc_p.l(malloc.o)
    0x000027e8   0x000027e8   0x00000010   Code   RO         1008    i.putchar           mc_p.l(putchar.o)
    0x000027f8   0x000027f8   0x0000000b   Data   RO           27    .rodata..Lswitch.table.other_value_input  main.o
    0x00002803   0x00002803   0x00000228   Data   RO           74    .rodata.F6x8        oled_spi_v0.2.o
    0x00002a2b   0x00002a2b   0x00000001   PAD
    0x00002a2c   0x00002a2c   0x00000130   Data   RO           18    .rodata.FunkyStar   main.o
    0x00002b5c   0x00002b5c   0x00000370   Data   RO           12    .rodata.Genshin     main.o
    0x00002ecc   0x00002ecc   0x000001c8   Data   RO           15    .rodata.KAMI        main.o
    0x00003094   0x00003094   0x0000033c   Data   RO           14    .rodata.MEGALOVANIA  main.o
    0x000033d0   0x000033d0   0x00000180   Data   RO           17    .rodata.NightOfNights  main.o
    0x00003550   0x00003550   0x000003d4   Data   RO           13    .rodata.Sakura      main.o
    0x00003924   0x00003924   0x00000178   Data   RO           16    .rodata.SkyWeakness  main.o
    0x00003a9c   0x00003a9c   0x00000008   Data   RO          234    .rodata.gADC12_0ClockConfig  ti_msp_dl_config.o
    0x00003aa4   0x00003aa4   0x00000008   Data   RO          235    .rodata.gADC12_1ClockConfig  ti_msp_dl_config.o
    0x00003aac   0x00003aac   0x00000018   Data   RO          236    .rodata.gDMA_CH0Config  ti_msp_dl_config.o
    0x00003ac4   0x00003ac4   0x00000018   Data   RO          237    .rodata.gDMA_CH1Config  ti_msp_dl_config.o
    0x00003adc   0x00003adc   0x00000003   Data   RO          226    .rodata.gPWM_0ClockConfig  ti_msp_dl_config.o
    0x00003adf   0x00003adf   0x00000001   PAD
    0x00003ae0   0x00003ae0   0x00000008   Data   RO          227    .rodata.gPWM_0Config  ti_msp_dl_config.o
    0x00003ae8   0x00003ae8   0x00000002   Data   RO          232    .rodata.gSPI_Flash_clockConfig  ti_msp_dl_config.o
    0x00003aea   0x00003aea   0x0000000a   Data   RO          233    .rodata.gSPI_Flash_config  ti_msp_dl_config.o
    0x00003af4   0x00003af4   0x00000002   Data   RO          230    .rodata.gSPI_OLED_clockConfig  ti_msp_dl_config.o
    0x00003af6   0x00003af6   0x0000000a   Data   RO          231    .rodata.gSPI_OLED_config  ti_msp_dl_config.o
    0x00003b00   0x00003b00   0x00000028   Data   RO          225    .rodata.gSYSPLLConfig  ti_msp_dl_config.o
    0x00003b28   0x00003b28   0x00000002   Data   RO          228    .rodata.gUART_0ClockConfig  ti_msp_dl_config.o
    0x00003b2a   0x00003b2a   0x0000000a   Data   RO          229    .rodata.gUART_0Config  ti_msp_dl_config.o
    0x00003b34   0x00003b34   0x0000001b   Data   RO           22    .rodata.str1.1      main.o
    0x00003b4f   0x00003b4f   0x00000001   PAD
    0x00003b50   0x00003b50   0x00000030   Data   RO         1370    Region$$Table       anon$$obj.o


    Execution Region RW_IRAM2 (Exec base: 0x20200000, Load base: 0x00003b80, Size: 0x00006780, Max: 0x00008000, ABSOLUTE)

    Exec Addr    Load Addr    Size         Type   Attr      Idx    E Section Name        Object

    0x20200000   0x00003b80   0x00000040   Code   RO          361    .ramfunc            dl_flashctl.o
    0x20200040   0x00003bc0   0x00000004   Data   RW         1331    .data               mc_p.l(stdout.o)
    0x20200044   0x00003bc4   0x00000004   Data   RW         1344    .data               mc_p.l(mvars.o)
    0x20200048   0x00003bc8   0x00000004   Data   RW         1345    .data               mc_p.l(mvars.o)
    0x2020004c   0x00003bcc   0x00000004   Data   RW          114    .data.gActiveRecordAddress  eeprom_emulation_type_a.o
    0x20200050   0x00003bd0   0x00000002   Data   RW          117    .data.gActiveSectorNum  eeprom_emulation_type_a.o
    0x20200052   0x00003bd2   0x00000002   PAD
    0x20200054   0x00003bd4   0x00000004   Data   RW          115    .data.gNextRecordAddress  eeprom_emulation_type_a.o
    0x20200058   0x00003bd8   0x00000002   Data   RW          155    .data.nowSize       commandline.o
    0x2020005a   0x00003bda   0x00000006   PAD
    0x20200060        -       0x00000002   Zero   RW           20    .bss.Cmd            main.o
    0x20200062   0x00003bda   0x00000002   PAD
    0x20200064        -       0x00000004   Zero   RW          153    .bss.CommandLine    commandline.o
    0x20200068        -       0x000000f8   Zero   RW           24    .bss.EEPROMEmulationBuffer  main.o
    0x20200160        -       0x00000004   Zero   RW           25    .bss.EEPROMEmulationState  main.o
    0x20200164        -       0x00000001   Zero   RW           19    .bss.InCTL          main.o
    0x20200165   0x00003bda   0x00000003   PAD
    0x20200168        -       0x00000410   Zero   RW           77    .bss.OLED_GRAM      oled_spi_v0.2.o
    0x20200578        -       0x00000010   Zero   RW           23    .bss.TxMsg          main.o
    0x20200588        -       0x00000002   Zero   RW          154    .bss.Wcnt           commandline.o
    0x2020058a        -       0x00000002   Zero   RW          116    .bss.gActiveRecordNum  eeprom_emulation_type_a.o
    0x2020058c        -       0x00000001   Zero   RW          120    .bss.gEEPROMTypeAFormatErrorFlag  eeprom_emulation_type_a.o
    0x2020058d        -       0x00000001   Zero   RW          118    .bss.gEEPROMTypeASearchFlag  eeprom_emulation_type_a.o
    0x2020058e   0x00003bda   0x00000002   PAD
    0x20200590        -       0x000000bc   Zero   RW          222    .bss.gPWM_0Backup   ti_msp_dl_config.o
    0x2020064c        -       0x00000028   Zero   RW          224    .bss.gSPI_FlashBackup  ti_msp_dl_config.o
    0x20200674        -       0x00000028   Zero   RW          223    .bss.gSPI_OLEDBackup  ti_msp_dl_config.o
    0x2020069c        -       0x00000001   Zero   RW           21    .bss.key_value      main.o
    0x2020069d   0x00003bda   0x00000003   PAD
    0x202006a0        -       0x00002048   Zero   RW          246    HEAP                startup_mspm0g3507_uvision.o
    0x202026e8        -       0x00004096   Zero   RW          245    STACK               startup_mspm0g3507_uvision.o



  Load Region LR_BCR (Base: 0x41c00000, Size: 0x00000000, Max: 0x00000100, ABSOLUTE)

    Execution Region BCR_CONFIG (Exec base: 0x41c00000, Load base: 0x41c00000, Size: 0x00000000, Max: 0x00000080, ABSOLUTE)

    **** No section assigned to this execution region ****



  Load Region LR_BSL (Base: 0x41c00100, Size: 0x00000000, Max: 0x00000100, ABSOLUTE)

    Execution Region BSL_CONFIG (Exec base: 0x41c00100, Load base: 0x41c00100, Size: 0x00000000, Max: 0x00000080, ABSOLUTE)

    **** No section assigned to this execution region ****


==============================================================================

Image component sizes


      Code (inc. data)   RO Data    RW Data    ZI Data      Debug   Object Name

       314         16          0          2          6       1867   commandline.o
        64          8          0          0          0       4587   dl_adc12.o
        10          0          0          0          0        569   dl_common.o
        68          4          0          0          0       4389   dl_dma.o
       468         24          0          0          0      50628   dl_flashctl.o
        86          8          0          0          0      15733   dl_spi.o
       316         24          0          0          0      18939   dl_sysctl_mspm0g1x0x_g3x0x.o
       408         48          0          0          0      31826   dl_timer.o
       162         12          0          0          0      14544   dl_uart.o
      1120         44          0         10          4       9708   eeprom_emulation_type_a.o
       544          8          0          0          0       7426   keyboard.o
       628         88       4246          0        272       5648   main.o
       272         40          0          0          0       9324   musicplayer.o
      3502         32        552          0       1040      51930   oled_spi_v0.2.o
        20          4        192          0      24798        636   startup_mspm0g3507_uvision.o
      1168        224        151          0        268      43349   ti_msp_dl_config.o
        44         12          0          0          0       5076   uart.o

    ----------------------------------------------------------------------
      9216        600       5192         16      26404     276179   Object Totals
        12          4         48          0          0          0   (incl. Generated)
        10          0          3          4         16          0   (incl. Padding)

    ----------------------------------------------------------------------

      Code (inc. data)   RO Data    RW Data    ZI Data      Debug   Library Member Name

        28          0          0          0          0         68   calloc.o
         0          0          0          0          0          0   entry.o
         0          0          0          0          0          0   entry10a.o
         0          0          0          0          0          0   entry11a.o
         8          4          0          0          0          0   entry2.o
         4          0          0          0          0          0   entry5.o
         0          0          0          0          0          0   entry7b.o
         0          0          0          0          0          0   entry8b.o
         8          4          0          0          0          0   entry9a.o
        30          0          0          0          0          0   handlers.o
        48         10          0          0          0         68   init.o
       192         20          0          0          0        144   malloc.o
        36          0          0          0          0         60   memcpya.o
        36          0          0          0          0        100   memseta.o
         0          0          0          8          0          0   mvars.o
       368         12          0          0          0        168   printf1.o
        16          6          0          0          0         68   putchar.o
         0          0          0          4          0          0   stdout.o
        20          0          0          0          0         60   strchr.o
        14          0          0          0          0         60   strlen.o
        62          0          0          0          0         72   uidiv_div0.o

    ----------------------------------------------------------------------
       888         60          0         12          0        868   Library Totals
        18          4          0          0          0          0   (incl. Padding)

    ----------------------------------------------------------------------

      Code (inc. data)   RO Data    RW Data    ZI Data      Debug   Library Name

       870         56          0         12          0        868   mc_p.l

    ----------------------------------------------------------------------
       888         60          0         12          0        868   Library Totals

    ----------------------------------------------------------------------

==============================================================================


      Code (inc. data)   RO Data    RW Data    ZI Data      Debug   

     10104        660       5192         28      26404     276547   Grand Totals
     10104        660       5192         28      26404     276547   ELF Image Totals
     10104        660       5192         28          0          0   ROM Totals

==============================================================================

    Total RO  Size (Code + RO Data)                15296 (  14.94kB)
    Total RW  Size (RW Data + ZI Data)             26432 (  25.81kB)
    Total ROM Size (Code + RO Data + RW Data)      15324 (  14.96kB)

==============================================================================

