<html>
<body>
<pre>
<h1>µVision Build Log</h1>
<h2>Tool Versions:</h2>
IDE-Version: ¦ÌVision V5.39.0.0
Copyright (C) 2023 ARM Ltd and ARM Germany GmbH. All rights reserved.
License Information: ldk Lenovo, www, LIC=LSNXV-PQDU2-74YS0-BSFLI-L72G5-L0RTK
 
Tool Versions:
Toolchain:       MDK-ARM Plus  Version: 5.39.0.0
Toolchain Path:  C:\Keil_v5\ARM\ARMCLANG\Bin
C Compiler:      ArmClang.exe V6.21
Assembler:       Armasm.exe V6.21
Linker/Locator:  ArmLink.exe V6.21
Library Manager: ArmAr.exe V6.21
Hex Converter:   FromElf.exe V6.21
CPU DLL:         SARMCM3.DLL V5.39.0.0
Dialog DLL:      DARMCM1.DLL V1.19.6.0
Target DLL:      CMSIS_AGDI.dll V1.33.16.0
Dialog DLL:      TARMCM1.DLL V1.14.6.0
 
<h2>Project:</h2>
C:\Users\Lenovo\Desktop\Tutorial_UART_MP3\Tutorial_UART_MP3\keil\UART_MP3.uvprojx
Project File Date:  03/04/2025

<h2>Output:</h2>
*** Using Compiler 'V6.21', folder: 'C:\Keil_v5\ARM\ARMCLANG\Bin'
Rebuild target 'UART_MP3'
compiling dl_adc12.c...
compiling eeprom_emulation_type_a.c...
compiling dl_dac12.c...
compiling dl_crc.c...
assembling startup_mspm0g3507_uvision.s...
compiling dl_common.c...
compiling dl_aes.c...
compiling Keyboard.c...
compiling dl_dma.c...
compiling oled_spi_V0.2.c...
../Core/src/UART.c(26): warning: passing 'const UART_Regs *' to parameter of type 'UART_Regs *' discards qualifiers [-Wincompatible-pointer-types-discards-qualifiers]
   26 |         DL_UART_transmitDataBlocking(UART_Port,data[i]);
      |                                      ^~~~~~~~~
../Driver\ti/driverlib/dl_uart.h(2985): note: passing argument to parameter 'uart' here
 2985 | void DL_UART_transmitDataBlocking(UART_Regs *uart, uint8_t data);
      |                                              ^
../Core/src/UART.c(28): warning: passing 'const UART_Regs *' to parameter of type 'UART_Regs *' discards qualifiers [-Wincompatible-pointer-types-discards-qualifiers]
   28 |                 DL_UART_transmitDataBlocking(UART_Port,'\n');
      |                                              ^~~~~~~~~
../Driver\ti/driverlib/dl_uart.h(2985): note: passing argument to parameter 'uart' here
 2985 | void DL_UART_transmitDataBlocking(UART_Regs *uart, uint8_t data);
      |                                              ^
../Core/src/UART.c(34): warning: passing 'const UART_Regs *' to parameter of type 'UART_Regs *' discards qualifiers [-Wincompatible-pointer-types-discards-qualifiers]
   34 |         DL_UART_transmitDataBlocking(UART_Port,byte_tmp);
      |                                      ^~~~~~~~~
../Driver\ti/driverlib/dl_uart.h(2985): note: passing argument to parameter 'uart' here
 2985 | void DL_UART_transmitDataBlocking(UART_Regs *uart, uint8_t data);
      |                                              ^
../Core/src/UART.c(36): warning: passing 'const UART_Regs *' to parameter of type 'UART_Regs *' discards qualifiers [-Wincompatible-pointer-types-discards-qualifiers]
   36 |                 DL_UART_transmitDataBlocking(UART_Port,byte_tmp);
      |                                              ^~~~~~~~~
../Driver\ti/driverlib/dl_uart.h(2985): note: passing argument to parameter 'uart' here
 2985 | void DL_UART_transmitDataBlocking(UART_Regs *uart, uint8_t data);
      |                                              ^
../Core/src/UART.c(38): warning: passing 'const UART_Regs *' to parameter of type 'UART_Regs *' discards qualifiers [-Wincompatible-pointer-types-discards-qualifiers]
   38 |                 DL_UART_transmitDataBlocking(UART_Port,'\n');
      |                                              ^~~~~~~~~
../Driver\ti/driverlib/dl_uart.h(2985): note: passing argument to parameter 'uart' here
 2985 | void DL_UART_transmitDataBlocking(UART_Regs *uart, uint8_t data);
      |                                              ^
5 warnings generated.
compiling UART.c...
compiling CommandLine.c...
compiling ti_msp_dl_config.c...
compiling MusicPlayer.c...
../Core/src/main.c(128): warning: passing 'const struct MusicNote[245]' to parameter of type 'struct MusicNote *' discards qualifiers [-Wincompatible-pointer-types-discards-qualifiers]
  128 |                                 Cmd = 0,playMusic(Sakura,244);
      |                                                   ^~~~~~
../Core/inc\MusicPlayer.h(76): note: passing argument to parameter 'Score' here
   76 | void playMusic(struct MusicNote Score[],uint16_t ScoreLength);
      |                                 ^
../Core/src/main.c(130): warning: passing 'const struct MusicNote[207]' to parameter of type 'struct MusicNote *' discards qualifiers [-Wincompatible-pointer-types-discards-qualifiers]
  130 |                                 Cmd = 0,playMusic(MEGALOVANIA,206);
      |                                                   ^~~~~~~~~~~
../Core/inc\MusicPlayer.h(76): note: passing argument to parameter 'Score' here
   76 | void playMusic(struct MusicNote Score[],uint16_t ScoreLength);
      |                                 ^
../Core/src/main.c(132): warning: passing 'const struct MusicNote[114]' to parameter of type 'struct MusicNote *' discards qualifiers [-Wincompatible-pointer-types-discards-qualifiers]
  132 |                                 Cmd = 0,playMusic(KAMI,113);
      |                                                   ^~~~
../Core/inc\MusicPlayer.h(76): note: passing argument to parameter 'Score' here
   76 | void playMusic(struct MusicNote Score[],uint16_t ScoreLength);
      |                                 ^
../Core/src/main.c(134): warning: passing 'const struct MusicNote[94]' to parameter of type 'struct MusicNote *' discards qualifiers [-Wincompatible-pointer-types-discards-qualifiers]
  134 |                                 Cmd = 0,playMusic(SkyWeakness,92);
      |                                                   ^~~~~~~~~~~
../Core/inc\MusicPlayer.h(76): note: passing argument to parameter 'Score' here
   76 | void playMusic(struct MusicNote Score[],uint16_t ScoreLength);
      |                                 ^
../Core/src/main.c(136): warning: passing 'const struct MusicNote[96]' to parameter of type 'struct MusicNote *' discards qualifiers [-Wincompatible-pointer-types-discards-qualifiers]
  136 |                                 Cmd = 0,playMusic(NightOfNights,95);
      |                                                   ^~~~~~~~~~~~~
../Core/inc\MusicPlayer.h(76): note: passing argument to parameter 'Score' here
   76 | void playMusic(struct MusicNote Score[],uint16_t ScoreLength);
      |                                 ^
../Core/src/main.c(138): warning: passing 'const struct MusicNote[76]' to parameter of type 'struct MusicNote *' discards qualifiers [-Wincompatible-pointer-types-discards-qualifiers]
  138 |                                 Cmd = 0,playMusic(FunkyStar,75);
      |                                                   ^~~~~~~~~
../Core/inc\MusicPlayer.h(76): note: passing argument to parameter 'Score' here
   76 | void playMusic(struct MusicNote Score[],uint16_t ScoreLength);
      |                                 ^
../Core/src/main.c(243): warning: passing 'volatile uint8_t *' (aka 'volatile unsigned char *') to parameter of type 'char *' discards qualifiers [-Wincompatible-pointer-types-discards-qualifiers]
  243 |                         Cmd = embedding(&data);
      |                                         ^~~~~
../Core/inc\CommandLine.h(15): note: passing argument to parameter 'data' here
   15 | uint16_t embedding(char * data);
      |                           ^
../Core/src/main.c(273): warning: '/*' within block comment [-Wcomment]
  273 |         //*State = EEPROM_TypeA_writeData(data);
      |          ^
8 warnings generated.
compiling main.c...
compiling dl_mathacl.c...
compiling dl_i2c.c...
compiling dl_opa.c...
compiling dl_flashctl.c...
compiling dl_rtc.c...
compiling dl_trng.c...
compiling dl_spi.c...
compiling dl_mcan.c...
compiling dl_timer.c...
compiling dl_vref.c...
compiling dl_interrupt.c...
compiling dl_uart.c...
compiling dl_sysctl_mspm0g1x0x_g3x0x.c...
linking...
Program Size: Code=10104 RO-data=5192 RW-data=28 ZI-data=26404  
FromELF: creating hex file...
".\Objects\GPIO.axf" - 0 Error(s), 13 Warning(s).

<h2>Software Packages used:</h2>

Package Vendor: TexasInstruments
                https://software-dl.ti.com/msp430/esd/MSPM0-CMSIS/MSPM0G1X0X_G3X0X/latest/exports/TexasInstruments.MSPM0G1X0X_G3X0X_DFP.1.3.1.pack
                TexasInstruments::MSPM0G1X0X_G3X0X_DFP@1.3.1
                Device Family Pack for Texas Instruments MSPM0G1X0X_G3X0X Series

<h2>Collection of Component include folders:</h2>

<h2>Collection of Component Files used:</h2>
Build Time Elapsed:  00:00:07
</pre>
</body>
</html>
